Archive member included to satisfy reference by file (symbol)

c:/intelfpga_lite/18.0/nios2eds/bin/gnu/h-x86_64-mingw32/bin/../lib/gcc/nios2-elf/5.3.0/mno-hw-mul\libgcc.a(lib2-divmod.o)
                              obj/default/DE_seven_segment_display.o (__modsi3)
../puzzle_code_bsp/\libhal_bsp.a(alt_getchar.o)
                              obj/default/DE_seven_segment_display.o (alt_getchar)
../puzzle_code_bsp/\libhal_bsp.a(alt_load.o)
                              ../puzzle_code_bsp//obj/HAL/src/crt0.o (alt_load)
../puzzle_code_bsp/\libhal_bsp.a(alt_main.o)
                              ../puzzle_code_bsp//obj/HAL/src/crt0.o (alt_main)
../puzzle_code_bsp/\libhal_bsp.a(alt_printf.o)
                              obj/default/DE_seven_segment_display.o (alt_printf)
../puzzle_code_bsp/\libhal_bsp.a(alt_putchar.o)
                              ../puzzle_code_bsp/\libhal_bsp.a(alt_printf.o) (alt_putchar)
../puzzle_code_bsp/\libhal_bsp.a(alt_putstr.o)
                              obj/default/DE_seven_segment_display.o (alt_putstr)
../puzzle_code_bsp/\libhal_bsp.a(alt_sys_init.o)
                              ../puzzle_code_bsp/\libhal_bsp.a(alt_main.o) (alt_irq_init)
../puzzle_code_bsp/\libhal_bsp.a(altera_avalon_jtag_uart_read.o)
                              ../puzzle_code_bsp/\libhal_bsp.a(alt_getchar.o) (altera_avalon_jtag_uart_read)
../puzzle_code_bsp/\libhal_bsp.a(altera_avalon_jtag_uart_write.o)
                              ../puzzle_code_bsp/\libhal_bsp.a(alt_putchar.o) (altera_avalon_jtag_uart_write)
../puzzle_code_bsp/\libhal_bsp.a(alt_dcache_flush_all.o)
                              ../puzzle_code_bsp/\libhal_bsp.a(alt_load.o) (alt_dcache_flush_all)
../puzzle_code_bsp/\libhal_bsp.a(alt_dev.o)
                              ../puzzle_code_bsp/\libhal_bsp.a(alt_getchar.o) (alt_fd_list)
../puzzle_code_bsp/\libhal_bsp.a(alt_icache_flush_all.o)
                              ../puzzle_code_bsp/\libhal_bsp.a(alt_load.o) (alt_icache_flush_all)
../puzzle_code_bsp/\libhal_bsp.a(altera_nios2_gen2_irq.o)
                              ../puzzle_code_bsp/\libhal_bsp.a(alt_sys_init.o) (altera_nios2_gen2_irq_init)
c:/intelfpga_lite/18.0/nios2eds/bin/gnu/h-x86_64-mingw32/bin/../lib/gcc/nios2-elf/5.3.0/../../../../../H-x86_64-mingw32/nios2-elf/lib/mno-hw-mul\libsmallc.a(lib_a-strlen.o)
                              ../puzzle_code_bsp/\libhal_bsp.a(alt_putstr.o) (strlen)

Allocating common symbols
Common symbol       size              file

pause               0x4               obj/default/DE_seven_segment_display.o
dancing             0x4               obj/default/DE_seven_segment_display.o
disp_off            0x4               obj/default/DE_seven_segment_display.o
reverse             0x4               obj/default/DE_seven_segment_display.o
prevLetter          0x1               obj/default/DE_seven_segment_display.o
flag                0x4               obj/default/DE_seven_segment_display.o
length              0x4               obj/default/DE_seven_segment_display.o
text                0x200             obj/default/DE_seven_segment_display.o
dance_dir           0x4               obj/default/DE_seven_segment_display.o
slowdown_toggle     0x4               obj/default/DE_seven_segment_display.o
enteredText         0x100             obj/default/DE_seven_segment_display.o
toggle              0x4               obj/default/DE_seven_segment_display.o
speedup_toggle      0x4               obj/default/DE_seven_segment_display.o
upsideDown          0x4               obj/default/DE_seven_segment_display.o
dance_state         0x4               obj/default/DE_seven_segment_display.o
re_enter            0x4               obj/default/DE_seven_segment_display.o

Memory Configuration

Name             Origin             Length             Attributes
reset            0x0000000000010000 0x0000000000000020
onchip_memory    0x0000000000010020 0x000000000000ffe0
*default*        0x0000000000000000 0xffffffffffffffff

Linker script and memory map

LOAD ../puzzle_code_bsp//obj/HAL/src/crt0.o
LOAD obj/default/DE_seven_segment_display.o
LOAD c:/intelfpga_lite/18.0/nios2eds/bin/gnu/h-x86_64-mingw32/bin/../lib/gcc/nios2-elf/5.3.0/../../../../../H-x86_64-mingw32/nios2-elf/lib/mno-hw-mul\libstdc++.a
LOAD c:/intelfpga_lite/18.0/nios2eds/bin/gnu/h-x86_64-mingw32/bin/../lib/gcc/nios2-elf/5.3.0/../../../../../H-x86_64-mingw32/nios2-elf/lib/mno-hw-mul\libm.a
LOAD c:/intelfpga_lite/18.0/nios2eds/bin/gnu/h-x86_64-mingw32/bin/../lib/gcc/nios2-elf/5.3.0/mno-hw-mul\libgcc.a
START GROUP
LOAD c:/intelfpga_lite/18.0/nios2eds/bin/gnu/h-x86_64-mingw32/bin/../lib/gcc/nios2-elf/5.3.0/../../../../../H-x86_64-mingw32/nios2-elf/lib/mno-hw-mul\libsmallc.a
LOAD c:/intelfpga_lite/18.0/nios2eds/bin/gnu/h-x86_64-mingw32/bin/../lib/gcc/nios2-elf/5.3.0/mno-hw-mul\libgcc.a
LOAD ../puzzle_code_bsp/\libhal_bsp.a
LOAD c:/intelfpga_lite/18.0/nios2eds/bin/gnu/h-x86_64-mingw32/bin/../lib/gcc/nios2-elf/5.3.0/../../../../../H-x86_64-mingw32/nios2-elf/lib/mno-hw-mul\libm.a
END GROUP
LOAD c:/intelfpga_lite/18.0/nios2eds/bin/gnu/h-x86_64-mingw32/bin/../lib/gcc/nios2-elf/5.3.0/mno-hw-mul\libgcc.a
                0x0000000000010000                __alt_mem_onchip_memory = 0x10000

.entry          0x0000000000010000       0x20
 *(.entry)
 .entry         0x0000000000010000       0x20 ../puzzle_code_bsp//obj/HAL/src/crt0.o
                0x0000000000010000                __reset
                0x000000000001000c                _exit

.exceptions     0x0000000000010020        0x0
                0x0000000000010020                PROVIDE (__ram_exceptions_start, ABSOLUTE (.))
                0x0000000000010020                . = ALIGN (0x20)
 *(.irq)
 *(.exceptions.entry.label)
 *(.exceptions.entry.user)
 *(.exceptions.entry.ecc_fatal)
 *(.exceptions.entry)
 *(.exceptions.irqtest.user)
 *(.exceptions.irqtest)
 *(.exceptions.irqhandler.user)
 *(.exceptions.irqhandler)
 *(.exceptions.irqreturn.user)
 *(.exceptions.irqreturn)
 *(.exceptions.notirq.label)
 *(.exceptions.notirq.user)
 *(.exceptions.notirq)
 *(.exceptions.soft.user)
 *(.exceptions.soft)
 *(.exceptions.unknown.user)
 *(.exceptions.unknown)
 *(.exceptions.exit.label)
 *(.exceptions.exit.user)
 *(.exceptions.exit)
 *(.exceptions)
                0x0000000000010020                PROVIDE (__ram_exceptions_end, ABSOLUTE (.))
                0x0000000000010020                PROVIDE (__flash_exceptions_start, LOADADDR (.exceptions))

.text           0x0000000000010020     0x100c
                [!provide]                        PROVIDE (stext, ABSOLUTE (.))
 *(.interp)
 *(.hash)
 *(.dynsym)
 *(.dynstr)
 *(.gnu.version)
 *(.gnu.version_d)
 *(.gnu.version_r)
 *(.rel.init)
 *(.rela.init)
 *(.rel.text .rel.text.* .rel.gnu.linkonce.t.*)
 *(.rela.text .rela.text.* .rela.gnu.linkonce.t.*)
 *(.rel.fini)
 *(.rela.fini)
 *(.rel.rodata .rel.rodata.* .rel.gnu.linkonce.r.*)
 *(.rela.rodata .rela.rodata.* .rela.gnu.linkonce.r.*)
 *(.rel.data .rel.data.* .rel.gnu.linkonce.d.*)
 *(.rela.data .rela.data.* .rela.gnu.linkonce.d.*)
 *(.rel.tdata .rel.tdata.* .rel.gnu.linkonce.td.*)
 *(.rela.tdata .rela.tdata.* .rela.gnu.linkonce.td.*)
 *(.rel.tbss .rel.tbss.* .rel.gnu.linkonce.tb.*)
 *(.rela.tbss .rela.tbss.* .rela.gnu.linkonce.tb.*)
 *(.rel.ctors)
 *(.rela.ctors)
 *(.rel.dtors)
 *(.rela.dtors)
 *(.rel.got)
 *(.rela.got)
 *(.rel.sdata .rel.sdata.* .rel.gnu.linkonce.s.*)
 *(.rela.sdata .rela.sdata.* .rela.gnu.linkonce.s.*)
 *(.rel.sbss .rel.sbss.* .rel.gnu.linkonce.sb.*)
 *(.rela.sbss .rela.sbss.* .rela.gnu.linkonce.sb.*)
 *(.rel.sdata2 .rel.sdata2.* .rel.gnu.linkonce.s2.*)
 *(.rela.sdata2 .rela.sdata2.* .rela.gnu.linkonce.s2.*)
 *(.rel.sbss2 .rel.sbss2.* .rel.gnu.linkonce.sb2.*)
 *(.rela.sbss2 .rela.sbss2.* .rela.gnu.linkonce.sb2.*)
 *(.rel.bss .rel.bss.* .rel.gnu.linkonce.b.*)
 *(.rela.bss .rela.bss.* .rela.gnu.linkonce.b.*)
 *(.rel.plt)
 *(.rela.plt)
 *(.rel.dyn)
 *(.init)
 *(.plt)
 *(.text .stub .text.* .gnu.linkonce.t.*)
 .text          0x0000000000010020       0x3c ../puzzle_code_bsp//obj/HAL/src/crt0.o
                0x0000000000010020                _start
 .text          0x000000000001005c      0x980 obj/default/DE_seven_segment_display.o
                0x000000000001005c                getTxt
                0x00000000000100e4                getActualText
                0x0000000000010184                updateText
                0x00000000000101ec                initializeDisplay
                0x00000000000102b4                clearActualText
                0x00000000000102dc                updateTimer
                0x0000000000010304                updateLocation
                0x00000000000103c0                updatePBState
                0x0000000000010550                getBin
                0x000000000001057c                getBinaryLetter
                0x00000000000105f8                getBinLowLow
                0x000000000001062c                getBinLow
                0x0000000000010680                getBinHigh
                0x00000000000106d4                getBinHighHigh
                0x0000000000010708                print
                0x000000000001075c                print_letters
 .text.startup  0x00000000000109dc       0x74 obj/default/DE_seven_segment_display.o
                0x00000000000109dc                main
 .text          0x0000000000010a50      0x1b4 c:/intelfpga_lite/18.0/nios2eds/bin/gnu/h-x86_64-mingw32/bin/../lib/gcc/nios2-elf/5.3.0/mno-hw-mul\libgcc.a(lib2-divmod.o)
                0x0000000000010a50                __divsi3
                0x0000000000010ad4                __modsi3
                0x0000000000010b48                __udivsi3
                0x0000000000010bac                __umodsi3
 .text          0x0000000000010c04       0x44 ../puzzle_code_bsp/\libhal_bsp.a(alt_getchar.o)
                0x0000000000010c04                alt_getchar
 .text          0x0000000000010c48       0xe0 ../puzzle_code_bsp/\libhal_bsp.a(alt_load.o)
                0x0000000000010c48                alt_load
 .text          0x0000000000010d28       0x2c ../puzzle_code_bsp/\libhal_bsp.a(alt_main.o)
                0x0000000000010d28                alt_main
 .text          0x0000000000010d54      0x170 ../puzzle_code_bsp/\libhal_bsp.a(alt_printf.o)
                0x0000000000010d54                alt_printf
 .text          0x0000000000010ec4       0x48 ../puzzle_code_bsp/\libhal_bsp.a(alt_putchar.o)
                0x0000000000010ec4                alt_putchar
 .text          0x0000000000010f0c       0x38 ../puzzle_code_bsp/\libhal_bsp.a(alt_putstr.o)
                0x0000000000010f0c                alt_putstr
 .text          0x0000000000010f44       0x24 ../puzzle_code_bsp/\libhal_bsp.a(alt_sys_init.o)
                0x0000000000010f44                alt_irq_init
                0x0000000000010f64                alt_sys_init
 .text          0x0000000000010f68       0x5c ../puzzle_code_bsp/\libhal_bsp.a(altera_avalon_jtag_uart_read.o)
                0x0000000000010f68                altera_avalon_jtag_uart_read
 .text          0x0000000000010fc4       0x34 ../puzzle_code_bsp/\libhal_bsp.a(altera_avalon_jtag_uart_write.o)
                0x0000000000010fc4                altera_avalon_jtag_uart_write
 .text          0x0000000000010ff8        0x4 ../puzzle_code_bsp/\libhal_bsp.a(alt_dcache_flush_all.o)
                0x0000000000010ff8                alt_dcache_flush_all
 .text          0x0000000000010ffc        0x8 ../puzzle_code_bsp/\libhal_bsp.a(alt_dev.o)
 .text          0x0000000000011004        0x4 ../puzzle_code_bsp/\libhal_bsp.a(alt_icache_flush_all.o)
                0x0000000000011004                alt_icache_flush_all
 .text          0x0000000000011008        0x8 ../puzzle_code_bsp/\libhal_bsp.a(altera_nios2_gen2_irq.o)
                0x0000000000011008                altera_nios2_gen2_irq_init
 .text          0x0000000000011010        0x0 c:/intelfpga_lite/18.0/nios2eds/bin/gnu/h-x86_64-mingw32/bin/../lib/gcc/nios2-elf/5.3.0/../../../../../H-x86_64-mingw32/nios2-elf/lib/mno-hw-mul\libsmallc.a(lib_a-strlen.o)
 .text.strlen   0x0000000000011010       0x1c c:/intelfpga_lite/18.0/nios2eds/bin/gnu/h-x86_64-mingw32/bin/../lib/gcc/nios2-elf/5.3.0/../../../../../H-x86_64-mingw32/nios2-elf/lib/mno-hw-mul\libsmallc.a(lib_a-strlen.o)
                0x0000000000011010                strlen
 *(.gnu.warning.*)
 *(.fini)
                [!provide]                        PROVIDE (__etext, ABSOLUTE (.))
                [!provide]                        PROVIDE (_etext, ABSOLUTE (.))
                [!provide]                        PROVIDE (etext, ABSOLUTE (.))
 *(.eh_frame_hdr)
                0x000000000001102c                . = ALIGN (0x4)
                [!provide]                        PROVIDE (__preinit_array_start, ABSOLUTE (.))
 *(.preinit_array)
                [!provide]                        PROVIDE (__preinit_array_end, ABSOLUTE (.))
                [!provide]                        PROVIDE (__init_array_start, ABSOLUTE (.))
 *(.init_array)
                [!provide]                        PROVIDE (__init_array_end, ABSOLUTE (.))
                [!provide]                        PROVIDE (__fini_array_start, ABSOLUTE (.))
 *(.fini_array)
                [!provide]                        PROVIDE (__fini_array_end, ABSOLUTE (.))
 *(.eh_frame)
 *(.gcc_except_table .gcc_except_table.*)
 *(.dynamic)
                [!provide]                        PROVIDE (__CTOR_LIST__, ABSOLUTE (.))
 *(.ctors)
 *(SORT(.ctors.*))
                [!provide]                        PROVIDE (__CTOR_END__, ABSOLUTE (.))
                [!provide]                        PROVIDE (__DTOR_LIST__, ABSOLUTE (.))
 *(.dtors)
 *(SORT(.dtors.*))
                [!provide]                        PROVIDE (__DTOR_END__, ABSOLUTE (.))
 *(.jcr)
                0x000000000001102c                . = ALIGN (0x4)

.rodata         0x000000000001102c      0x218
                0x000000000001102c                PROVIDE (__ram_rodata_start, ABSOLUTE (.))
                0x000000000001102c                . = ALIGN (0x4)
 *(.rodata .rodata.* .gnu.linkonce.r.*)
 .rodata.str1.4
                0x000000000001102c      0x1e1 obj/default/DE_seven_segment_display.o
 .rodata        0x000000000001120d       0x2b obj/default/DE_seven_segment_display.o
 .rodata.str1.4
                0x0000000000011238        0xc ../puzzle_code_bsp/\libhal_bsp.a(alt_dev.o)
                                          0xa (size before relaxing)
 *(.rodata1)
                0x0000000000011244                . = ALIGN (0x4)
                0x0000000000011244                PROVIDE (__ram_rodata_end, ABSOLUTE (.))
                0x000000000001102c                PROVIDE (__flash_rodata_start, LOADADDR (.rodata))

.rwdata         0x0000000000011244       0x74 load address 0x00000000000112b8
                0x0000000000011244                PROVIDE (__ram_rwdata_start, ABSOLUTE (.))
                0x0000000000011244                . = ALIGN (0x4)
 *(.got.plt)
 *(.got)
 *(.data1)
 *(.data .data.* .gnu.linkonce.d.*)
 .data          0x0000000000011244        0x0 ../puzzle_code_bsp//obj/HAL/src/crt0.o
 .data          0x0000000000011244        0x0 obj/default/DE_seven_segment_display.o
 .data          0x0000000000011244        0x0 c:/intelfpga_lite/18.0/nios2eds/bin/gnu/h-x86_64-mingw32/bin/../lib/gcc/nios2-elf/5.3.0/mno-hw-mul\libgcc.a(lib2-divmod.o)
 .data          0x0000000000011244        0x0 ../puzzle_code_bsp/\libhal_bsp.a(alt_getchar.o)
 .data          0x0000000000011244        0x0 ../puzzle_code_bsp/\libhal_bsp.a(alt_load.o)
 .data          0x0000000000011244        0x0 ../puzzle_code_bsp/\libhal_bsp.a(alt_main.o)
 .data          0x0000000000011244        0x0 ../puzzle_code_bsp/\libhal_bsp.a(alt_printf.o)
 .data          0x0000000000011244        0x0 ../puzzle_code_bsp/\libhal_bsp.a(alt_putchar.o)
 .data          0x0000000000011244        0x0 ../puzzle_code_bsp/\libhal_bsp.a(alt_putstr.o)
 .data          0x0000000000011244        0x0 ../puzzle_code_bsp/\libhal_bsp.a(alt_sys_init.o)
 .data          0x0000000000011244        0x0 ../puzzle_code_bsp/\libhal_bsp.a(altera_avalon_jtag_uart_read.o)
 .data          0x0000000000011244        0x0 ../puzzle_code_bsp/\libhal_bsp.a(altera_avalon_jtag_uart_write.o)
 .data          0x0000000000011244        0x0 ../puzzle_code_bsp/\libhal_bsp.a(alt_dcache_flush_all.o)
 .data          0x0000000000011244       0x58 ../puzzle_code_bsp/\libhal_bsp.a(alt_dev.o)
                0x0000000000011244                alt_fd_list
                0x0000000000011274                alt_dev_null
 .data          0x000000000001129c        0x0 ../puzzle_code_bsp/\libhal_bsp.a(alt_icache_flush_all.o)
 .data          0x000000000001129c        0x0 ../puzzle_code_bsp/\libhal_bsp.a(altera_nios2_gen2_irq.o)
 .data          0x000000000001129c        0x0 c:/intelfpga_lite/18.0/nios2eds/bin/gnu/h-x86_64-mingw32/bin/../lib/gcc/nios2-elf/5.3.0/../../../../../H-x86_64-mingw32/nios2-elf/lib/mno-hw-mul\libsmallc.a(lib_a-strlen.o)
                0x000000000001929c                _gp = ABSOLUTE ((. + 0x8000))
                [!provide]                        PROVIDE (gp, _gp)
 *(.rwdata .rwdata.*)
 *(.sdata .sdata.* .gnu.linkonce.s.*)
 .sdata         0x000000000001129c        0x4 obj/default/DE_seven_segment_display.o
                0x000000000001129c                timer
 .sdata         0x00000000000112a0        0x4 ../puzzle_code_bsp/\libhal_bsp.a(alt_sys_init.o)
                0x00000000000112a0                jtag_uart
 .sdata         0x00000000000112a4       0x14 ../puzzle_code_bsp/\libhal_bsp.a(alt_dev.o)
                0x00000000000112a4                alt_max_fd
                0x00000000000112a8                alt_dev_list
                0x00000000000112b0                alt_fs_list
 *(.sdata2 .sdata2.* .gnu.linkonce.s2.*)
                0x00000000000112b8                . = ALIGN (0x4)
                0x00000000000112b8                _edata = ABSOLUTE (.)
                [!provide]                        PROVIDE (edata, ABSOLUTE (.))
                0x00000000000112b8                PROVIDE (__ram_rwdata_end, ABSOLUTE (.))
                0x00000000000112b8                PROVIDE (__flash_rwdata_start, LOADADDR (.rwdata))

.bss            0x000000000001132c      0x344
                0x000000000001132c                __bss_start = ABSOLUTE (.)
                [!provide]                        PROVIDE (__sbss_start, ABSOLUTE (.))
                [!provide]                        PROVIDE (___sbss_start, ABSOLUTE (.))
 *(.dynsbss)
 *(.sbss .sbss.* .gnu.linkonce.sb.*)
 .sbss          0x000000000001132c       0x38 obj/default/DE_seven_segment_display.o
                0x000000000001132c                pause
                0x0000000000011330                dancing
                0x0000000000011334                disp_off
                0x0000000000011338                reverse
                0x000000000001133c                prevLetter
                0x0000000000011340                flag
                0x0000000000011344                length
                0x0000000000011348                dance_dir
                0x000000000001134c                slowdown_toggle
                0x0000000000011350                toggle
                0x0000000000011354                speedup_toggle
                0x0000000000011358                upsideDown
                0x000000000001135c                dance_state
                0x0000000000011360                re_enter
 .sbss          0x0000000000011364        0xc ../puzzle_code_bsp/\libhal_bsp.a(alt_main.o)
                0x0000000000011364                alt_envp
                0x0000000000011368                alt_argv
                0x000000000001136c                alt_argc
 *(.sbss2 .sbss2.* .gnu.linkonce.sb2.*)
 *(.scommon)
                [!provide]                        PROVIDE (__sbss_end, ABSOLUTE (.))
                [!provide]                        PROVIDE (___sbss_end, ABSOLUTE (.))
 *(.dynbss)
 *(.bss .bss.* .gnu.linkonce.b.*)
 .bss           0x0000000000011370        0x0 ../puzzle_code_bsp//obj/HAL/src/crt0.o
 .bss           0x0000000000011370        0x0 obj/default/DE_seven_segment_display.o
 .bss           0x0000000000011370        0x0 c:/intelfpga_lite/18.0/nios2eds/bin/gnu/h-x86_64-mingw32/bin/../lib/gcc/nios2-elf/5.3.0/mno-hw-mul\libgcc.a(lib2-divmod.o)
 .bss           0x0000000000011370        0x0 ../puzzle_code_bsp/\libhal_bsp.a(alt_getchar.o)
 .bss           0x0000000000011370        0x0 ../puzzle_code_bsp/\libhal_bsp.a(alt_load.o)
 .bss           0x0000000000011370        0x0 ../puzzle_code_bsp/\libhal_bsp.a(alt_main.o)
 .bss           0x0000000000011370        0x0 ../puzzle_code_bsp/\libhal_bsp.a(alt_printf.o)
 .bss           0x0000000000011370        0x0 ../puzzle_code_bsp/\libhal_bsp.a(alt_putchar.o)
 .bss           0x0000000000011370        0x0 ../puzzle_code_bsp/\libhal_bsp.a(alt_putstr.o)
 .bss           0x0000000000011370        0x0 ../puzzle_code_bsp/\libhal_bsp.a(alt_sys_init.o)
 .bss           0x0000000000011370        0x0 ../puzzle_code_bsp/\libhal_bsp.a(altera_avalon_jtag_uart_read.o)
 .bss           0x0000000000011370        0x0 ../puzzle_code_bsp/\libhal_bsp.a(altera_avalon_jtag_uart_write.o)
 .bss           0x0000000000011370        0x0 ../puzzle_code_bsp/\libhal_bsp.a(alt_dcache_flush_all.o)
 .bss           0x0000000000011370        0x0 ../puzzle_code_bsp/\libhal_bsp.a(alt_dev.o)
 .bss           0x0000000000011370        0x0 ../puzzle_code_bsp/\libhal_bsp.a(alt_icache_flush_all.o)
 .bss           0x0000000000011370        0x0 ../puzzle_code_bsp/\libhal_bsp.a(altera_nios2_gen2_irq.o)
 .bss           0x0000000000011370        0x0 c:/intelfpga_lite/18.0/nios2eds/bin/gnu/h-x86_64-mingw32/bin/../lib/gcc/nios2-elf/5.3.0/../../../../../H-x86_64-mingw32/nios2-elf/lib/mno-hw-mul\libsmallc.a(lib_a-strlen.o)
 *(COMMON)
 COMMON         0x0000000000011370      0x300 obj/default/DE_seven_segment_display.o
                0x0000000000011370                text
                0x0000000000011570                enteredText
                0x0000000000011670                . = ALIGN (0x4)
                0x0000000000011670                __bss_end = ABSOLUTE (.)

.onchip_memory  0x0000000000011670        0x0
                [!provide]                        PROVIDE (_alt_partition_onchip_memory_start, ABSOLUTE (.))
 *(.onchip_memory .onchip_memory. onchip_memory.*)
                0x0000000000011670                . = ALIGN (0x4)
                [!provide]                        PROVIDE (_alt_partition_onchip_memory_end, ABSOLUTE (.))
                0x0000000000011670                _end = ABSOLUTE (.)
                0x0000000000011670                end = ABSOLUTE (.)
                0x0000000000011670                __alt_stack_base = ABSOLUTE (.)
                [!provide]                        PROVIDE (_alt_partition_onchip_memory_load_addr, LOADADDR (.onchip_memory))

.stab
 *(.stab)

.stabstr
 *(.stabstr)

.stab.excl
 *(.stab.excl)

.stab.exclstr
 *(.stab.exclstr)

.stab.index
 *(.stab.index)

.stab.indexstr
 *(.stab.indexstr)

.comment        0x0000000000000000       0x23
 *(.comment)
 .comment       0x0000000000000000       0x23 obj/default/DE_seven_segment_display.o
                                         0x24 (size before relaxing)
 .comment       0x0000000000000023       0x24 c:/intelfpga_lite/18.0/nios2eds/bin/gnu/h-x86_64-mingw32/bin/../lib/gcc/nios2-elf/5.3.0/mno-hw-mul\libgcc.a(lib2-divmod.o)
 .comment       0x0000000000000023       0x24 ../puzzle_code_bsp/\libhal_bsp.a(alt_getchar.o)
 .comment       0x0000000000000023       0x24 ../puzzle_code_bsp/\libhal_bsp.a(alt_load.o)
 .comment       0x0000000000000023       0x24 ../puzzle_code_bsp/\libhal_bsp.a(alt_main.o)
 .comment       0x0000000000000023       0x24 ../puzzle_code_bsp/\libhal_bsp.a(alt_printf.o)
 .comment       0x0000000000000023       0x24 ../puzzle_code_bsp/\libhal_bsp.a(alt_putchar.o)
 .comment       0x0000000000000023       0x24 ../puzzle_code_bsp/\libhal_bsp.a(alt_putstr.o)
 .comment       0x0000000000000023       0x24 ../puzzle_code_bsp/\libhal_bsp.a(alt_sys_init.o)
 .comment       0x0000000000000023       0x24 ../puzzle_code_bsp/\libhal_bsp.a(altera_avalon_jtag_uart_read.o)
 .comment       0x0000000000000023       0x24 ../puzzle_code_bsp/\libhal_bsp.a(altera_avalon_jtag_uart_write.o)
 .comment       0x0000000000000023       0x24 ../puzzle_code_bsp/\libhal_bsp.a(alt_dcache_flush_all.o)
 .comment       0x0000000000000023       0x24 ../puzzle_code_bsp/\libhal_bsp.a(alt_dev.o)
 .comment       0x0000000000000023       0x24 ../puzzle_code_bsp/\libhal_bsp.a(alt_icache_flush_all.o)
 .comment       0x0000000000000023       0x24 ../puzzle_code_bsp/\libhal_bsp.a(altera_nios2_gen2_irq.o)
 .comment       0x0000000000000023       0x24 c:/intelfpga_lite/18.0/nios2eds/bin/gnu/h-x86_64-mingw32/bin/../lib/gcc/nios2-elf/5.3.0/../../../../../H-x86_64-mingw32/nios2-elf/lib/mno-hw-mul\libsmallc.a(lib_a-strlen.o)

.debug
 *(.debug)

.line
 *(.line)

.debug_srcinfo
 *(.debug_srcinfo)

.debug_sfnames
 *(.debug_sfnames)

.debug_aranges  0x0000000000000000      0x230
 *(.debug_aranges)
 .debug_aranges
                0x0000000000000000       0x28 ../puzzle_code_bsp//obj/HAL/src/crt0.o
 .debug_aranges
                0x0000000000000028       0x28 obj/default/DE_seven_segment_display.o
 .debug_aranges
                0x0000000000000050       0x20 c:/intelfpga_lite/18.0/nios2eds/bin/gnu/h-x86_64-mingw32/bin/../lib/gcc/nios2-elf/5.3.0/mno-hw-mul\libgcc.a(lib2-divmod.o)
 .debug_aranges
                0x0000000000000070       0x20 ../puzzle_code_bsp/\libhal_bsp.a(alt_getchar.o)
 .debug_aranges
                0x0000000000000090       0x20 ../puzzle_code_bsp/\libhal_bsp.a(alt_load.o)
 .debug_aranges
                0x00000000000000b0       0x20 ../puzzle_code_bsp/\libhal_bsp.a(alt_main.o)
 .debug_aranges
                0x00000000000000d0       0x20 ../puzzle_code_bsp/\libhal_bsp.a(alt_printf.o)
 .debug_aranges
                0x00000000000000f0       0x20 ../puzzle_code_bsp/\libhal_bsp.a(alt_putchar.o)
 .debug_aranges
                0x0000000000000110       0x20 ../puzzle_code_bsp/\libhal_bsp.a(alt_putstr.o)
 .debug_aranges
                0x0000000000000130       0x20 ../puzzle_code_bsp/\libhal_bsp.a(alt_sys_init.o)
 .debug_aranges
                0x0000000000000150       0x20 ../puzzle_code_bsp/\libhal_bsp.a(altera_avalon_jtag_uart_read.o)
 .debug_aranges
                0x0000000000000170       0x20 ../puzzle_code_bsp/\libhal_bsp.a(altera_avalon_jtag_uart_write.o)
 .debug_aranges
                0x0000000000000190       0x20 ../puzzle_code_bsp/\libhal_bsp.a(alt_dcache_flush_all.o)
 .debug_aranges
                0x00000000000001b0       0x20 ../puzzle_code_bsp/\libhal_bsp.a(alt_dev.o)
 .debug_aranges
                0x00000000000001d0       0x20 ../puzzle_code_bsp/\libhal_bsp.a(alt_icache_flush_all.o)
 .debug_aranges
                0x00000000000001f0       0x20 ../puzzle_code_bsp/\libhal_bsp.a(altera_nios2_gen2_irq.o)
 .debug_aranges
                0x0000000000000210       0x20 c:/intelfpga_lite/18.0/nios2eds/bin/gnu/h-x86_64-mingw32/bin/../lib/gcc/nios2-elf/5.3.0/../../../../../H-x86_64-mingw32/nios2-elf/lib/mno-hw-mul\libsmallc.a(lib_a-strlen.o)

.debug_pubnames
 *(.debug_pubnames)

.debug_info     0x0000000000000000     0x24da
 *(.debug_info .gnu.linkonce.wi.*)
 .debug_info    0x0000000000000000       0x71 ../puzzle_code_bsp//obj/HAL/src/crt0.o
 .debug_info    0x0000000000000071      0xbab obj/default/DE_seven_segment_display.o
 .debug_info    0x0000000000000c1c      0x2c6 c:/intelfpga_lite/18.0/nios2eds/bin/gnu/h-x86_64-mingw32/bin/../lib/gcc/nios2-elf/5.3.0/mno-hw-mul\libgcc.a(lib2-divmod.o)
 .debug_info    0x0000000000000ee2      0x32d ../puzzle_code_bsp/\libhal_bsp.a(alt_getchar.o)
 .debug_info    0x000000000000120f      0x1c9 ../puzzle_code_bsp/\libhal_bsp.a(alt_load.o)
 .debug_info    0x00000000000013d8      0x169 ../puzzle_code_bsp/\libhal_bsp.a(alt_main.o)
 .debug_info    0x0000000000001541      0x14d ../puzzle_code_bsp/\libhal_bsp.a(alt_printf.o)
 .debug_info    0x000000000000168e      0x12a ../puzzle_code_bsp/\libhal_bsp.a(alt_putchar.o)
 .debug_info    0x00000000000017b8      0x13a ../puzzle_code_bsp/\libhal_bsp.a(alt_putstr.o)
 .debug_info    0x00000000000018f2      0x185 ../puzzle_code_bsp/\libhal_bsp.a(alt_sys_init.o)
 .debug_info    0x0000000000001a77      0x1b4 ../puzzle_code_bsp/\libhal_bsp.a(altera_avalon_jtag_uart_read.o)
 .debug_info    0x0000000000001c2b      0x197 ../puzzle_code_bsp/\libhal_bsp.a(altera_avalon_jtag_uart_write.o)
 .debug_info    0x0000000000001dc2       0x92 ../puzzle_code_bsp/\libhal_bsp.a(alt_dcache_flush_all.o)
 .debug_info    0x0000000000001e54      0x499 ../puzzle_code_bsp/\libhal_bsp.a(alt_dev.o)
 .debug_info    0x00000000000022ed       0x92 ../puzzle_code_bsp/\libhal_bsp.a(alt_icache_flush_all.o)
 .debug_info    0x000000000000237f       0x92 ../puzzle_code_bsp/\libhal_bsp.a(altera_nios2_gen2_irq.o)
 .debug_info    0x0000000000002411       0xc9 c:/intelfpga_lite/18.0/nios2eds/bin/gnu/h-x86_64-mingw32/bin/../lib/gcc/nios2-elf/5.3.0/../../../../../H-x86_64-mingw32/nios2-elf/lib/mno-hw-mul\libsmallc.a(lib_a-strlen.o)

.debug_abbrev   0x0000000000000000      0xe34
 *(.debug_abbrev)
 .debug_abbrev  0x0000000000000000       0x12 ../puzzle_code_bsp//obj/HAL/src/crt0.o
 .debug_abbrev  0x0000000000000012      0x2bb obj/default/DE_seven_segment_display.o
 .debug_abbrev  0x00000000000002cd      0x10e c:/intelfpga_lite/18.0/nios2eds/bin/gnu/h-x86_64-mingw32/bin/../lib/gcc/nios2-elf/5.3.0/mno-hw-mul\libgcc.a(lib2-divmod.o)
 .debug_abbrev  0x00000000000003db      0x11d ../puzzle_code_bsp/\libhal_bsp.a(alt_getchar.o)
 .debug_abbrev  0x00000000000004f8       0xd8 ../puzzle_code_bsp/\libhal_bsp.a(alt_load.o)
 .debug_abbrev  0x00000000000005d0       0xee ../puzzle_code_bsp/\libhal_bsp.a(alt_main.o)
 .debug_abbrev  0x00000000000006be       0xd5 ../puzzle_code_bsp/\libhal_bsp.a(alt_printf.o)
 .debug_abbrev  0x0000000000000793       0xd2 ../puzzle_code_bsp/\libhal_bsp.a(alt_putchar.o)
 .debug_abbrev  0x0000000000000865       0xd3 ../puzzle_code_bsp/\libhal_bsp.a(alt_putstr.o)
 .debug_abbrev  0x0000000000000938      0x107 ../puzzle_code_bsp/\libhal_bsp.a(alt_sys_init.o)
 .debug_abbrev  0x0000000000000a3f      0x102 ../puzzle_code_bsp/\libhal_bsp.a(altera_avalon_jtag_uart_read.o)
 .debug_abbrev  0x0000000000000b41       0xd5 ../puzzle_code_bsp/\libhal_bsp.a(altera_avalon_jtag_uart_write.o)
 .debug_abbrev  0x0000000000000c16       0x42 ../puzzle_code_bsp/\libhal_bsp.a(alt_dcache_flush_all.o)
 .debug_abbrev  0x0000000000000c58       0xd9 ../puzzle_code_bsp/\libhal_bsp.a(alt_dev.o)
 .debug_abbrev  0x0000000000000d31       0x42 ../puzzle_code_bsp/\libhal_bsp.a(alt_icache_flush_all.o)
 .debug_abbrev  0x0000000000000d73       0x42 ../puzzle_code_bsp/\libhal_bsp.a(altera_nios2_gen2_irq.o)
 .debug_abbrev  0x0000000000000db5       0x7f c:/intelfpga_lite/18.0/nios2eds/bin/gnu/h-x86_64-mingw32/bin/../lib/gcc/nios2-elf/5.3.0/../../../../../H-x86_64-mingw32/nios2-elf/lib/mno-hw-mul\libsmallc.a(lib_a-strlen.o)

.debug_line     0x0000000000000000      0xe09
 *(.debug_line)
 .debug_line    0x0000000000000000       0x66 ../puzzle_code_bsp//obj/HAL/src/crt0.o
 .debug_line    0x0000000000000066      0x255 obj/default/DE_seven_segment_display.o
 .debug_line    0x00000000000002bb      0x105 c:/intelfpga_lite/18.0/nios2eds/bin/gnu/h-x86_64-mingw32/bin/../lib/gcc/nios2-elf/5.3.0/mno-hw-mul\libgcc.a(lib2-divmod.o)
 .debug_line    0x00000000000003c0       0xb7 ../puzzle_code_bsp/\libhal_bsp.a(alt_getchar.o)
 .debug_line    0x0000000000000477       0xa4 ../puzzle_code_bsp/\libhal_bsp.a(alt_load.o)
 .debug_line    0x000000000000051b       0xbd ../puzzle_code_bsp/\libhal_bsp.a(alt_main.o)
 .debug_line    0x00000000000005d8      0x112 ../puzzle_code_bsp/\libhal_bsp.a(alt_printf.o)
 .debug_line    0x00000000000006ea       0x55 ../puzzle_code_bsp/\libhal_bsp.a(alt_putchar.o)
 .debug_line    0x000000000000073f       0xa0 ../puzzle_code_bsp/\libhal_bsp.a(alt_putstr.o)
 .debug_line    0x00000000000007df      0x101 ../puzzle_code_bsp/\libhal_bsp.a(alt_sys_init.o)
 .debug_line    0x00000000000008e0       0xfb ../puzzle_code_bsp/\libhal_bsp.a(altera_avalon_jtag_uart_read.o)
 .debug_line    0x00000000000009db       0xf0 ../puzzle_code_bsp/\libhal_bsp.a(altera_avalon_jtag_uart_write.o)
 .debug_line    0x0000000000000acb       0x4e ../puzzle_code_bsp/\libhal_bsp.a(alt_dcache_flush_all.o)
 .debug_line    0x0000000000000b19       0xf6 ../puzzle_code_bsp/\libhal_bsp.a(alt_dev.o)
 .debug_line    0x0000000000000c0f       0x4e ../puzzle_code_bsp/\libhal_bsp.a(alt_icache_flush_all.o)
 .debug_line    0x0000000000000c5d       0x50 ../puzzle_code_bsp/\libhal_bsp.a(altera_nios2_gen2_irq.o)
 .debug_line    0x0000000000000cad      0x15c c:/intelfpga_lite/18.0/nios2eds/bin/gnu/h-x86_64-mingw32/bin/../lib/gcc/nios2-elf/5.3.0/../../../../../H-x86_64-mingw32/nios2-elf/lib/mno-hw-mul\libsmallc.a(lib_a-strlen.o)

.debug_frame    0x0000000000000000      0x4a4
 *(.debug_frame)
 .debug_frame   0x0000000000000000      0x1fc obj/default/DE_seven_segment_display.o
 .debug_frame   0x00000000000001fc       0x50 c:/intelfpga_lite/18.0/nios2eds/bin/gnu/h-x86_64-mingw32/bin/../lib/gcc/nios2-elf/5.3.0/mno-hw-mul\libgcc.a(lib2-divmod.o)
 .debug_frame   0x000000000000024c       0x2c ../puzzle_code_bsp/\libhal_bsp.a(alt_getchar.o)
 .debug_frame   0x0000000000000278       0x30 ../puzzle_code_bsp/\libhal_bsp.a(alt_load.o)
 .debug_frame   0x00000000000002a8       0x2c ../puzzle_code_bsp/\libhal_bsp.a(alt_main.o)
 .debug_frame   0x00000000000002d4       0x54 ../puzzle_code_bsp/\libhal_bsp.a(alt_printf.o)
 .debug_frame   0x0000000000000328       0x30 ../puzzle_code_bsp/\libhal_bsp.a(alt_putchar.o)
 .debug_frame   0x0000000000000358       0x30 ../puzzle_code_bsp/\libhal_bsp.a(alt_putstr.o)
 .debug_frame   0x0000000000000388       0x3c ../puzzle_code_bsp/\libhal_bsp.a(alt_sys_init.o)
 .debug_frame   0x00000000000003c4       0x20 ../puzzle_code_bsp/\libhal_bsp.a(altera_avalon_jtag_uart_read.o)
 .debug_frame   0x00000000000003e4       0x20 ../puzzle_code_bsp/\libhal_bsp.a(altera_avalon_jtag_uart_write.o)
 .debug_frame   0x0000000000000404       0x20 ../puzzle_code_bsp/\libhal_bsp.a(alt_dcache_flush_all.o)
 .debug_frame   0x0000000000000424       0x20 ../puzzle_code_bsp/\libhal_bsp.a(alt_dev.o)
 .debug_frame   0x0000000000000444       0x20 ../puzzle_code_bsp/\libhal_bsp.a(alt_icache_flush_all.o)
 .debug_frame   0x0000000000000464       0x20 ../puzzle_code_bsp/\libhal_bsp.a(altera_nios2_gen2_irq.o)
 .debug_frame   0x0000000000000484       0x20 c:/intelfpga_lite/18.0/nios2eds/bin/gnu/h-x86_64-mingw32/bin/../lib/gcc/nios2-elf/5.3.0/../../../../../H-x86_64-mingw32/nios2-elf/lib/mno-hw-mul\libsmallc.a(lib_a-strlen.o)

.debug_str      0x0000000000000000      0xbcd
 *(.debug_str)
 .debug_str     0x0000000000000000      0x34e obj/default/DE_seven_segment_display.o
                                        0x399 (size before relaxing)
 .debug_str     0x000000000000034e      0x187 c:/intelfpga_lite/18.0/nios2eds/bin/gnu/h-x86_64-mingw32/bin/../lib/gcc/nios2-elf/5.3.0/mno-hw-mul\libgcc.a(lib2-divmod.o)
                                        0x1d2 (size before relaxing)
 .debug_str     0x00000000000004d5      0x129 ../puzzle_code_bsp/\libhal_bsp.a(alt_getchar.o)
                                        0x239 (size before relaxing)
 .debug_str     0x00000000000005fe      0x11b ../puzzle_code_bsp/\libhal_bsp.a(alt_load.o)
                                        0x23f (size before relaxing)
 .debug_str     0x0000000000000719       0x5e ../puzzle_code_bsp/\libhal_bsp.a(alt_main.o)
                                        0x1b8 (size before relaxing)
 .debug_str     0x0000000000000777       0x59 ../puzzle_code_bsp/\libhal_bsp.a(alt_printf.o)
                                        0x109 (size before relaxing)
 .debug_str     0x00000000000007d0       0x34 ../puzzle_code_bsp/\libhal_bsp.a(alt_putchar.o)
                                        0x18e (size before relaxing)
 .debug_str     0x0000000000000804       0x1c ../puzzle_code_bsp/\libhal_bsp.a(alt_putstr.o)
                                        0x193 (size before relaxing)
 .debug_str     0x0000000000000820       0x86 ../puzzle_code_bsp/\libhal_bsp.a(alt_sys_init.o)
                                        0x227 (size before relaxing)
 .debug_str     0x00000000000008a6       0x3d ../puzzle_code_bsp/\libhal_bsp.a(altera_avalon_jtag_uart_read.o)
                                        0x222 (size before relaxing)
 .debug_str     0x00000000000008e3       0x32 ../puzzle_code_bsp/\libhal_bsp.a(altera_avalon_jtag_uart_write.o)
                                        0x218 (size before relaxing)
 .debug_str     0x0000000000000915       0x1f ../puzzle_code_bsp/\libhal_bsp.a(alt_dcache_flush_all.o)
                                        0x158 (size before relaxing)
 .debug_str     0x0000000000000934      0x120 ../puzzle_code_bsp/\libhal_bsp.a(alt_dev.o)
                                        0x308 (size before relaxing)
 .debug_str     0x0000000000000a54       0x1f ../puzzle_code_bsp/\libhal_bsp.a(alt_icache_flush_all.o)
                                        0x158 (size before relaxing)
 .debug_str     0x0000000000000a73       0x20 ../puzzle_code_bsp/\libhal_bsp.a(altera_nios2_gen2_irq.o)
                                        0x15f (size before relaxing)
 .debug_str     0x0000000000000a93      0x13a c:/intelfpga_lite/18.0/nios2eds/bin/gnu/h-x86_64-mingw32/bin/../lib/gcc/nios2-elf/5.3.0/../../../../../H-x86_64-mingw32/nios2-elf/lib/mno-hw-mul\libsmallc.a(lib_a-strlen.o)
                                        0x1e5 (size before relaxing)

.debug_loc      0x0000000000000000     0x1491
 *(.debug_loc)
 .debug_loc     0x0000000000000000      0xbeb obj/default/DE_seven_segment_display.o
 .debug_loc     0x0000000000000beb      0x4ce c:/intelfpga_lite/18.0/nios2eds/bin/gnu/h-x86_64-mingw32/bin/../lib/gcc/nios2-elf/5.3.0/mno-hw-mul\libgcc.a(lib2-divmod.o)
 .debug_loc     0x00000000000010b9      0x1de ../puzzle_code_bsp/\libhal_bsp.a(alt_printf.o)
 .debug_loc     0x0000000000001297       0x2c ../puzzle_code_bsp/\libhal_bsp.a(alt_putchar.o)
 .debug_loc     0x00000000000012c3       0x37 ../puzzle_code_bsp/\libhal_bsp.a(alt_putstr.o)
 .debug_loc     0x00000000000012fa       0x21 ../puzzle_code_bsp/\libhal_bsp.a(alt_sys_init.o)
 .debug_loc     0x000000000000131b       0xcd ../puzzle_code_bsp/\libhal_bsp.a(altera_avalon_jtag_uart_read.o)
 .debug_loc     0x00000000000013e8       0x8b ../puzzle_code_bsp/\libhal_bsp.a(altera_avalon_jtag_uart_write.o)
 .debug_loc     0x0000000000001473       0x1e c:/intelfpga_lite/18.0/nios2eds/bin/gnu/h-x86_64-mingw32/bin/../lib/gcc/nios2-elf/5.3.0/../../../../../H-x86_64-mingw32/nios2-elf/lib/mno-hw-mul\libsmallc.a(lib_a-strlen.o)

.debug_macinfo
 *(.debug_macinfo)

.debug_weaknames
 *(.debug_weaknames)

.debug_funcnames
 *(.debug_funcnames)

.debug_typenames
 *(.debug_typenames)

.debug_varnames
 *(.debug_varnames)

.debug_alt_sim_info
                0x0000000000000000       0x10
 *(.debug_alt_sim_info)
 .debug_alt_sim_info
                0x0000000000000000       0x10 ../puzzle_code_bsp//obj/HAL/src/crt0.o
                0x0000000000020000                __alt_data_end = 0x20000
                0x0000000000020000                PROVIDE (__alt_stack_pointer, __alt_data_end)
                [!provide]                        PROVIDE (__alt_stack_limit, __alt_stack_base)
                [!provide]                        PROVIDE (__alt_heap_start, end)
                [!provide]                        PROVIDE (__alt_heap_limit, 0x20000)
OUTPUT(puzzle_code.elf elf32-littlenios2)

.debug_ranges   0x0000000000000000      0x158
 .debug_ranges  0x0000000000000000       0x20 ../puzzle_code_bsp//obj/HAL/src/crt0.o
 .debug_ranges  0x0000000000000020       0x48 obj/default/DE_seven_segment_display.o
 .debug_ranges  0x0000000000000068       0x60 c:/intelfpga_lite/18.0/nios2eds/bin/gnu/h-x86_64-mingw32/bin/../lib/gcc/nios2-elf/5.3.0/mno-hw-mul\libgcc.a(lib2-divmod.o)
 .debug_ranges  0x00000000000000c8       0x48 ../puzzle_code_bsp/\libhal_bsp.a(alt_load.o)
 .debug_ranges  0x0000000000000110       0x18 ../puzzle_code_bsp/\libhal_bsp.a(alt_printf.o)
 .debug_ranges  0x0000000000000128       0x20 ../puzzle_code_bsp/\libhal_bsp.a(altera_avalon_jtag_uart_read.o)
 .debug_ranges  0x0000000000000148       0x10 c:/intelfpga_lite/18.0/nios2eds/bin/gnu/h-x86_64-mingw32/bin/../lib/gcc/nios2-elf/5.3.0/../../../../../H-x86_64-mingw32/nios2-elf/lib/mno-hw-mul\libsmallc.a(lib_a-strlen.o)
