Archive member included to satisfy reference by file (symbol)

c:/intelfpga_lite/18.0/nios2eds/bin/gnu/h-x86_64-mingw32/bin/../lib/gcc/nios2-elf/5.3.0/mno-hw-mul\libgcc.a(lib2-divmod.o)
                              obj/default/fortest.o (__modsi3)
c:/intelfpga_lite/18.0/nios2eds/bin/gnu/h-x86_64-mingw32/bin/../lib/gcc/nios2-elf/5.3.0/../../../../../H-x86_64-mingw32/nios2-elf/lib/mno-hw-mul\libsmallc.a(lib_a-strcpy.o)
                              obj/default/fortest.o (strcpy)
c:/intelfpga_lite/18.0/nios2eds/bin/gnu/h-x86_64-mingw32/bin/../lib/gcc/nios2-elf/5.3.0/../../../../../H-x86_64-mingw32/nios2-elf/lib/mno-hw-mul\libsmallc.a(lib_a-strlen.o)
                              obj/default/fortest.o (strlen)
../display_testing_bsp/\libhal_bsp.a(alt_load.o)
                              ../display_testing_bsp//obj/HAL/src/crt0.o (alt_load)
../display_testing_bsp/\libhal_bsp.a(alt_main.o)
                              ../display_testing_bsp//obj/HAL/src/crt0.o (alt_main)
../display_testing_bsp/\libhal_bsp.a(alt_putstr.o)
                              obj/default/fortest.o (alt_putstr)
../display_testing_bsp/\libhal_bsp.a(alt_sys_init.o)
                              ../display_testing_bsp/\libhal_bsp.a(alt_main.o) (alt_irq_init)
../display_testing_bsp/\libhal_bsp.a(altera_avalon_jtag_uart_write.o)
                              ../display_testing_bsp/\libhal_bsp.a(alt_putstr.o) (altera_avalon_jtag_uart_write)
../display_testing_bsp/\libhal_bsp.a(alt_dcache_flush_all.o)
                              ../display_testing_bsp/\libhal_bsp.a(alt_load.o) (alt_dcache_flush_all)
../display_testing_bsp/\libhal_bsp.a(alt_dev.o)
                              ../display_testing_bsp/\libhal_bsp.a(alt_sys_init.o) (alt_dev_list)
../display_testing_bsp/\libhal_bsp.a(alt_dev_llist_insert.o)
                              ../display_testing_bsp/\libhal_bsp.a(alt_sys_init.o) (alt_dev_llist_insert)
../display_testing_bsp/\libhal_bsp.a(alt_errno.o)
                              ../display_testing_bsp/\libhal_bsp.a(alt_dev_llist_insert.o) (alt_errno)
../display_testing_bsp/\libhal_bsp.a(alt_icache_flush_all.o)
                              ../display_testing_bsp/\libhal_bsp.a(alt_load.o) (alt_icache_flush_all)
../display_testing_bsp/\libhal_bsp.a(altera_nios2_gen2_irq.o)
                              ../display_testing_bsp/\libhal_bsp.a(alt_sys_init.o) (altera_nios2_gen2_irq_init)
c:/intelfpga_lite/18.0/nios2eds/bin/gnu/h-x86_64-mingw32/bin/../lib/gcc/nios2-elf/5.3.0/../../../../../H-x86_64-mingw32/nios2-elf/lib/mno-hw-mul\libsmallc.a(lib_a-int_errno.o)
                              ../display_testing_bsp/\libhal_bsp.a(alt_dev_llist_insert.o) (errno)

Allocating common symbols
Common symbol       size              file

pause               0x4               obj/default/fortest.o
dancing             0x4               obj/default/fortest.o
disp_off            0x4               obj/default/fortest.o
reverse             0x4               obj/default/fortest.o
errno               0x4               c:/intelfpga_lite/18.0/nios2eds/bin/gnu/h-x86_64-mingw32/bin/../lib/gcc/nios2-elf/5.3.0/../../../../../H-x86_64-mingw32/nios2-elf/lib/mno-hw-mul\libsmallc.a(lib_a-int_errno.o)
prevLetter          0x1               obj/default/fortest.o
flag                0x4               obj/default/fortest.o
length              0x4               obj/default/fortest.o
text                0x200             obj/default/fortest.o
dance_dir           0x4               obj/default/fortest.o
slowdown_toggle     0x4               obj/default/fortest.o
glob_text           0x1               obj/default/fortest.o
enteredText         0x100             obj/default/fortest.o
toggle              0x4               obj/default/fortest.o
speedup_toggle      0x4               obj/default/fortest.o
upsideDown          0x4               obj/default/fortest.o
dance_state         0x4               obj/default/fortest.o
re_enter            0x4               obj/default/fortest.o

Memory Configuration

Name             Origin             Length             Attributes
reset            0x0000000000010000 0x0000000000000020
onchip_memory    0x0000000000010020 0x000000000000ffe0
*default*        0x0000000000000000 0xffffffffffffffff

Linker script and memory map

LOAD ../display_testing_bsp//obj/HAL/src/crt0.o
LOAD obj/default/fortest.o
LOAD c:/intelfpga_lite/18.0/nios2eds/bin/gnu/h-x86_64-mingw32/bin/../lib/gcc/nios2-elf/5.3.0/../../../../../H-x86_64-mingw32/nios2-elf/lib/mno-hw-mul\libstdc++.a
LOAD c:/intelfpga_lite/18.0/nios2eds/bin/gnu/h-x86_64-mingw32/bin/../lib/gcc/nios2-elf/5.3.0/../../../../../H-x86_64-mingw32/nios2-elf/lib/mno-hw-mul\libm.a
LOAD c:/intelfpga_lite/18.0/nios2eds/bin/gnu/h-x86_64-mingw32/bin/../lib/gcc/nios2-elf/5.3.0/mno-hw-mul\libgcc.a
START GROUP
LOAD c:/intelfpga_lite/18.0/nios2eds/bin/gnu/h-x86_64-mingw32/bin/../lib/gcc/nios2-elf/5.3.0/../../../../../H-x86_64-mingw32/nios2-elf/lib/mno-hw-mul\libsmallc.a
LOAD c:/intelfpga_lite/18.0/nios2eds/bin/gnu/h-x86_64-mingw32/bin/../lib/gcc/nios2-elf/5.3.0/mno-hw-mul\libgcc.a
LOAD ../display_testing_bsp/\libhal_bsp.a
LOAD c:/intelfpga_lite/18.0/nios2eds/bin/gnu/h-x86_64-mingw32/bin/../lib/gcc/nios2-elf/5.3.0/../../../../../H-x86_64-mingw32/nios2-elf/lib/mno-hw-mul\libm.a
END GROUP
LOAD c:/intelfpga_lite/18.0/nios2eds/bin/gnu/h-x86_64-mingw32/bin/../lib/gcc/nios2-elf/5.3.0/mno-hw-mul\libgcc.a
                0x0000000000010000                __alt_mem_onchip_memory = 0x10000

.entry          0x0000000000010000       0x20
 *(.entry)
 .entry         0x0000000000010000       0x20 ../display_testing_bsp//obj/HAL/src/crt0.o
                0x0000000000010000                __reset
                0x000000000001000c                _exit

.exceptions     0x0000000000010020        0x0
                0x0000000000010020                PROVIDE (__ram_exceptions_start, ABSOLUTE (.))
                0x0000000000010020                . = ALIGN (0x20)
 *(.irq)
 *(.exceptions.entry.label)
 *(.exceptions.entry.user)
 *(.exceptions.entry.ecc_fatal)
 *(.exceptions.entry)
 *(.exceptions.irqtest.user)
 *(.exceptions.irqtest)
 *(.exceptions.irqhandler.user)
 *(.exceptions.irqhandler)
 *(.exceptions.irqreturn.user)
 *(.exceptions.irqreturn)
 *(.exceptions.notirq.label)
 *(.exceptions.notirq.user)
 *(.exceptions.notirq)
 *(.exceptions.soft.user)
 *(.exceptions.soft)
 *(.exceptions.unknown.user)
 *(.exceptions.unknown)
 *(.exceptions.exit.label)
 *(.exceptions.exit.user)
 *(.exceptions.exit)
 *(.exceptions)
                0x0000000000010020                PROVIDE (__ram_exceptions_end, ABSOLUTE (.))
                0x0000000000010020                PROVIDE (__flash_exceptions_start, LOADADDR (.exceptions))

.text           0x0000000000010020      0xef0
                [!provide]                        PROVIDE (stext, ABSOLUTE (.))
 *(.interp)
 *(.hash)
 *(.dynsym)
 *(.dynstr)
 *(.gnu.version)
 *(.gnu.version_d)
 *(.gnu.version_r)
 *(.rel.init)
 *(.rela.init)
 *(.rel.text .rel.text.* .rel.gnu.linkonce.t.*)
 *(.rela.text .rela.text.* .rela.gnu.linkonce.t.*)
 *(.rel.fini)
 *(.rela.fini)
 *(.rel.rodata .rel.rodata.* .rel.gnu.linkonce.r.*)
 *(.rela.rodata .rela.rodata.* .rela.gnu.linkonce.r.*)
 *(.rel.data .rel.data.* .rel.gnu.linkonce.d.*)
 *(.rela.data .rela.data.* .rela.gnu.linkonce.d.*)
 *(.rel.tdata .rel.tdata.* .rel.gnu.linkonce.td.*)
 *(.rela.tdata .rela.tdata.* .rela.gnu.linkonce.td.*)
 *(.rel.tbss .rel.tbss.* .rel.gnu.linkonce.tb.*)
 *(.rela.tbss .rela.tbss.* .rela.gnu.linkonce.tb.*)
 *(.rel.ctors)
 *(.rela.ctors)
 *(.rel.dtors)
 *(.rela.dtors)
 *(.rel.got)
 *(.rela.got)
 *(.rel.sdata .rel.sdata.* .rel.gnu.linkonce.s.*)
 *(.rela.sdata .rela.sdata.* .rela.gnu.linkonce.s.*)
 *(.rel.sbss .rel.sbss.* .rel.gnu.linkonce.sb.*)
 *(.rela.sbss .rela.sbss.* .rela.gnu.linkonce.sb.*)
 *(.rel.sdata2 .rel.sdata2.* .rel.gnu.linkonce.s2.*)
 *(.rela.sdata2 .rela.sdata2.* .rela.gnu.linkonce.s2.*)
 *(.rel.sbss2 .rel.sbss2.* .rel.gnu.linkonce.sb2.*)
 *(.rela.sbss2 .rela.sbss2.* .rela.gnu.linkonce.sb2.*)
 *(.rel.bss .rel.bss.* .rel.gnu.linkonce.b.*)
 *(.rela.bss .rela.bss.* .rela.gnu.linkonce.b.*)
 *(.rel.plt)
 *(.rela.plt)
 *(.rel.dyn)
 *(.init)
 *(.plt)
 *(.text .stub .text.* .gnu.linkonce.t.*)
 .text          0x0000000000010020       0x3c ../display_testing_bsp//obj/HAL/src/crt0.o
                0x0000000000010020                _start
 .text          0x000000000001005c      0x95c obj/default/fortest.o
                0x000000000001005c                getTxt
                0x00000000000100c0                getActualText
                0x0000000000010160                updateText
                0x00000000000101c8                initializeDisplay
                0x0000000000010290                clearActualText
                0x00000000000102b8                updateTimer
                0x00000000000102e0                updateLocation
                0x000000000001039c                updatePBState
                0x000000000001052c                getBin
                0x0000000000010558                getBinaryLetter
                0x00000000000105d4                getBinLowLow
                0x0000000000010608                getBinLow
                0x000000000001065c                getBinHigh
                0x00000000000106b0                getBinHighHigh
                0x00000000000106e4                print
                0x0000000000010738                print_letters
 .text.startup  0x00000000000109b8      0x130 obj/default/fortest.o
                0x00000000000109b8                main
 .text          0x0000000000010ae8      0x1b4 c:/intelfpga_lite/18.0/nios2eds/bin/gnu/h-x86_64-mingw32/bin/../lib/gcc/nios2-elf/5.3.0/mno-hw-mul\libgcc.a(lib2-divmod.o)
                0x0000000000010ae8                __divsi3
                0x0000000000010b6c                __modsi3
                0x0000000000010be0                __udivsi3
                0x0000000000010c44                __umodsi3
 .text          0x0000000000010c9c        0x0 c:/intelfpga_lite/18.0/nios2eds/bin/gnu/h-x86_64-mingw32/bin/../lib/gcc/nios2-elf/5.3.0/../../../../../H-x86_64-mingw32/nios2-elf/lib/mno-hw-mul\libsmallc.a(lib_a-strcpy.o)
 .text.strcpy   0x0000000000010c9c       0x2c c:/intelfpga_lite/18.0/nios2eds/bin/gnu/h-x86_64-mingw32/bin/../lib/gcc/nios2-elf/5.3.0/../../../../../H-x86_64-mingw32/nios2-elf/lib/mno-hw-mul\libsmallc.a(lib_a-strcpy.o)
                0x0000000000010c9c                strcpy
 .text          0x0000000000010cc8        0x0 c:/intelfpga_lite/18.0/nios2eds/bin/gnu/h-x86_64-mingw32/bin/../lib/gcc/nios2-elf/5.3.0/../../../../../H-x86_64-mingw32/nios2-elf/lib/mno-hw-mul\libsmallc.a(lib_a-strlen.o)
 .text.strlen   0x0000000000010cc8       0x1c c:/intelfpga_lite/18.0/nios2eds/bin/gnu/h-x86_64-mingw32/bin/../lib/gcc/nios2-elf/5.3.0/../../../../../H-x86_64-mingw32/nios2-elf/lib/mno-hw-mul\libsmallc.a(lib_a-strlen.o)
                0x0000000000010cc8                strlen
 .text          0x0000000000010ce4       0xe0 ../display_testing_bsp/\libhal_bsp.a(alt_load.o)
                0x0000000000010ce4                alt_load
 .text          0x0000000000010dc4       0x2c ../display_testing_bsp/\libhal_bsp.a(alt_main.o)
                0x0000000000010dc4                alt_main
 .text          0x0000000000010df0       0x38 ../display_testing_bsp/\libhal_bsp.a(alt_putstr.o)
                0x0000000000010df0                alt_putstr
 .text          0x0000000000010e28       0x30 ../display_testing_bsp/\libhal_bsp.a(alt_sys_init.o)
                0x0000000000010e28                alt_irq_init
                0x0000000000010e48                alt_sys_init
 .text          0x0000000000010e58       0x34 ../display_testing_bsp/\libhal_bsp.a(altera_avalon_jtag_uart_write.o)
                0x0000000000010e58                altera_avalon_jtag_uart_write
 .text          0x0000000000010e8c        0x4 ../display_testing_bsp/\libhal_bsp.a(alt_dcache_flush_all.o)
                0x0000000000010e8c                alt_dcache_flush_all
 .text          0x0000000000010e90        0x8 ../display_testing_bsp/\libhal_bsp.a(alt_dev.o)
 .text          0x0000000000010e98       0x6c ../display_testing_bsp/\libhal_bsp.a(alt_dev_llist_insert.o)
                0x0000000000010e98                alt_dev_llist_insert
 .text          0x0000000000010f04        0x0 ../display_testing_bsp/\libhal_bsp.a(alt_errno.o)
 .text          0x0000000000010f04        0x4 ../display_testing_bsp/\libhal_bsp.a(alt_icache_flush_all.o)
                0x0000000000010f04                alt_icache_flush_all
 .text          0x0000000000010f08        0x8 ../display_testing_bsp/\libhal_bsp.a(altera_nios2_gen2_irq.o)
                0x0000000000010f08                altera_nios2_gen2_irq_init
 .text          0x0000000000010f10        0x0 c:/intelfpga_lite/18.0/nios2eds/bin/gnu/h-x86_64-mingw32/bin/../lib/gcc/nios2-elf/5.3.0/../../../../../H-x86_64-mingw32/nios2-elf/lib/mno-hw-mul\libsmallc.a(lib_a-int_errno.o)
 *(.gnu.warning.*)
 *(.fini)
                [!provide]                        PROVIDE (__etext, ABSOLUTE (.))
                [!provide]                        PROVIDE (_etext, ABSOLUTE (.))
                [!provide]                        PROVIDE (etext, ABSOLUTE (.))
 *(.eh_frame_hdr)
                0x0000000000010f10                . = ALIGN (0x4)
                [!provide]                        PROVIDE (__preinit_array_start, ABSOLUTE (.))
 *(.preinit_array)
                [!provide]                        PROVIDE (__preinit_array_end, ABSOLUTE (.))
                [!provide]                        PROVIDE (__init_array_start, ABSOLUTE (.))
 *(.init_array)
                [!provide]                        PROVIDE (__init_array_end, ABSOLUTE (.))
                [!provide]                        PROVIDE (__fini_array_start, ABSOLUTE (.))
 *(.fini_array)
                [!provide]                        PROVIDE (__fini_array_end, ABSOLUTE (.))
 *(.eh_frame)
 *(.gcc_except_table .gcc_except_table.*)
 *(.dynamic)
                [!provide]                        PROVIDE (__CTOR_LIST__, ABSOLUTE (.))
 *(.ctors)
 *(SORT(.ctors.*))
                [!provide]                        PROVIDE (__CTOR_END__, ABSOLUTE (.))
                [!provide]                        PROVIDE (__DTOR_LIST__, ABSOLUTE (.))
 *(.dtors)
 *(SORT(.dtors.*))
                [!provide]                        PROVIDE (__DTOR_END__, ABSOLUTE (.))
 *(.jcr)
                0x0000000000010f10                . = ALIGN (0x4)

.rodata         0x0000000000010f10      0x228
                0x0000000000010f10                PROVIDE (__ram_rodata_start, ABSOLUTE (.))
                0x0000000000010f10                . = ALIGN (0x4)
 *(.rodata .rodata.* .gnu.linkonce.r.*)
 .rodata.str1.4
                0x0000000000010f10      0x1d7 obj/default/fortest.o
 .rodata        0x00000000000110e7       0x2b obj/default/fortest.o
 *fill*         0x0000000000011112        0x2 
 .rodata.str1.4
                0x0000000000011114       0x17 ../display_testing_bsp/\libhal_bsp.a(alt_sys_init.o)
 *fill*         0x000000000001112b        0x1 
 .rodata.str1.4
                0x000000000001112c        0xc ../display_testing_bsp/\libhal_bsp.a(alt_dev.o)
                                          0xa (size before relaxing)
 *(.rodata1)
                0x0000000000011138                . = ALIGN (0x4)
                0x0000000000011138                PROVIDE (__ram_rodata_end, ABSOLUTE (.))
                0x0000000000010f10                PROVIDE (__flash_rodata_start, LOADADDR (.rodata))

.rwdata         0x0000000000011138       0xa4 load address 0x00000000000111dc
                0x0000000000011138                PROVIDE (__ram_rwdata_start, ABSOLUTE (.))
                0x0000000000011138                . = ALIGN (0x4)
 *(.got.plt)
 *(.got)
 *(.data1)
 *(.data .data.* .gnu.linkonce.d.*)
 .data          0x0000000000011138        0x0 ../display_testing_bsp//obj/HAL/src/crt0.o
 .data          0x0000000000011138        0x0 obj/default/fortest.o
 .data          0x0000000000011138        0x0 c:/intelfpga_lite/18.0/nios2eds/bin/gnu/h-x86_64-mingw32/bin/../lib/gcc/nios2-elf/5.3.0/mno-hw-mul\libgcc.a(lib2-divmod.o)
 .data          0x0000000000011138        0x0 c:/intelfpga_lite/18.0/nios2eds/bin/gnu/h-x86_64-mingw32/bin/../lib/gcc/nios2-elf/5.3.0/../../../../../H-x86_64-mingw32/nios2-elf/lib/mno-hw-mul\libsmallc.a(lib_a-strcpy.o)
 .data          0x0000000000011138        0x0 c:/intelfpga_lite/18.0/nios2eds/bin/gnu/h-x86_64-mingw32/bin/../lib/gcc/nios2-elf/5.3.0/../../../../../H-x86_64-mingw32/nios2-elf/lib/mno-hw-mul\libsmallc.a(lib_a-strlen.o)
 .data          0x0000000000011138        0x0 ../display_testing_bsp/\libhal_bsp.a(alt_load.o)
 .data          0x0000000000011138        0x0 ../display_testing_bsp/\libhal_bsp.a(alt_main.o)
 .data          0x0000000000011138        0x0 ../display_testing_bsp/\libhal_bsp.a(alt_putstr.o)
 .data          0x0000000000011138       0x2c ../display_testing_bsp/\libhal_bsp.a(alt_sys_init.o)
 .data          0x0000000000011164        0x0 ../display_testing_bsp/\libhal_bsp.a(altera_avalon_jtag_uart_write.o)
 .data          0x0000000000011164        0x0 ../display_testing_bsp/\libhal_bsp.a(alt_dcache_flush_all.o)
 .data          0x0000000000011164       0x58 ../display_testing_bsp/\libhal_bsp.a(alt_dev.o)
                0x0000000000011164                alt_fd_list
                0x0000000000011194                alt_dev_null
 .data          0x00000000000111bc        0x0 ../display_testing_bsp/\libhal_bsp.a(alt_dev_llist_insert.o)
 .data          0x00000000000111bc        0x0 ../display_testing_bsp/\libhal_bsp.a(alt_errno.o)
 .data          0x00000000000111bc        0x0 ../display_testing_bsp/\libhal_bsp.a(alt_icache_flush_all.o)
 .data          0x00000000000111bc        0x0 ../display_testing_bsp/\libhal_bsp.a(altera_nios2_gen2_irq.o)
 .data          0x00000000000111bc        0x0 c:/intelfpga_lite/18.0/nios2eds/bin/gnu/h-x86_64-mingw32/bin/../lib/gcc/nios2-elf/5.3.0/../../../../../H-x86_64-mingw32/nios2-elf/lib/mno-hw-mul\libsmallc.a(lib_a-int_errno.o)
                0x00000000000191bc                _gp = ABSOLUTE ((. + 0x8000))
                [!provide]                        PROVIDE (gp, _gp)
 *(.rwdata .rwdata.*)
 *(.sdata .sdata.* .gnu.linkonce.s.*)
 .sdata         0x00000000000111bc        0x4 obj/default/fortest.o
                0x00000000000111bc                timer
 .sdata         0x00000000000111c0        0x4 ../display_testing_bsp/\libhal_bsp.a(alt_sys_init.o)
                0x00000000000111c0                jtag_uart
 .sdata         0x00000000000111c4       0x14 ../display_testing_bsp/\libhal_bsp.a(alt_dev.o)
                0x00000000000111c4                alt_max_fd
                0x00000000000111c8                alt_dev_list
                0x00000000000111d0                alt_fs_list
 .sdata         0x00000000000111d8        0x4 ../display_testing_bsp/\libhal_bsp.a(alt_errno.o)
                0x00000000000111d8                alt_errno
 *(.sdata2 .sdata2.* .gnu.linkonce.s2.*)
                0x00000000000111dc                . = ALIGN (0x4)
                0x00000000000111dc                _edata = ABSOLUTE (.)
                [!provide]                        PROVIDE (edata, ABSOLUTE (.))
                0x00000000000111dc                PROVIDE (__ram_rwdata_end, ABSOLUTE (.))
                0x00000000000111dc                PROVIDE (__flash_rwdata_start, LOADADDR (.rwdata))

.bss            0x0000000000011280      0x34c
                0x0000000000011280                __bss_start = ABSOLUTE (.)
                [!provide]                        PROVIDE (__sbss_start, ABSOLUTE (.))
                [!provide]                        PROVIDE (___sbss_start, ABSOLUTE (.))
 *(.dynsbss)
 *(.sbss .sbss.* .gnu.linkonce.sb.*)
 .sbss          0x0000000000011280       0x3c obj/default/fortest.o
                0x0000000000011280                pause
                0x0000000000011284                dancing
                0x0000000000011288                disp_off
                0x000000000001128c                reverse
                0x0000000000011290                prevLetter
                0x0000000000011294                flag
                0x0000000000011298                length
                0x000000000001129c                dance_dir
                0x00000000000112a0                slowdown_toggle
                0x00000000000112a4                glob_text
                0x00000000000112a8                toggle
                0x00000000000112ac                speedup_toggle
                0x00000000000112b0                upsideDown
                0x00000000000112b4                dance_state
                0x00000000000112b8                re_enter
 .sbss          0x00000000000112bc        0xc ../display_testing_bsp/\libhal_bsp.a(alt_main.o)
                0x00000000000112bc                alt_envp
                0x00000000000112c0                alt_argv
                0x00000000000112c4                alt_argc
 .sbss          0x00000000000112c8        0x4 c:/intelfpga_lite/18.0/nios2eds/bin/gnu/h-x86_64-mingw32/bin/../lib/gcc/nios2-elf/5.3.0/../../../../../H-x86_64-mingw32/nios2-elf/lib/mno-hw-mul\libsmallc.a(lib_a-int_errno.o)
                0x00000000000112c8                errno
 *(.sbss2 .sbss2.* .gnu.linkonce.sb2.*)
 *(.scommon)
                [!provide]                        PROVIDE (__sbss_end, ABSOLUTE (.))
                [!provide]                        PROVIDE (___sbss_end, ABSOLUTE (.))
 *(.dynbss)
 *(.bss .bss.* .gnu.linkonce.b.*)
 .bss           0x00000000000112cc        0x0 ../display_testing_bsp//obj/HAL/src/crt0.o
 .bss           0x00000000000112cc        0x0 obj/default/fortest.o
 .bss           0x00000000000112cc        0x0 c:/intelfpga_lite/18.0/nios2eds/bin/gnu/h-x86_64-mingw32/bin/../lib/gcc/nios2-elf/5.3.0/mno-hw-mul\libgcc.a(lib2-divmod.o)
 .bss           0x00000000000112cc        0x0 c:/intelfpga_lite/18.0/nios2eds/bin/gnu/h-x86_64-mingw32/bin/../lib/gcc/nios2-elf/5.3.0/../../../../../H-x86_64-mingw32/nios2-elf/lib/mno-hw-mul\libsmallc.a(lib_a-strcpy.o)
 .bss           0x00000000000112cc        0x0 c:/intelfpga_lite/18.0/nios2eds/bin/gnu/h-x86_64-mingw32/bin/../lib/gcc/nios2-elf/5.3.0/../../../../../H-x86_64-mingw32/nios2-elf/lib/mno-hw-mul\libsmallc.a(lib_a-strlen.o)
 .bss           0x00000000000112cc        0x0 ../display_testing_bsp/\libhal_bsp.a(alt_load.o)
 .bss           0x00000000000112cc        0x0 ../display_testing_bsp/\libhal_bsp.a(alt_main.o)
 .bss           0x00000000000112cc        0x0 ../display_testing_bsp/\libhal_bsp.a(alt_putstr.o)
 .bss           0x00000000000112cc        0x0 ../display_testing_bsp/\libhal_bsp.a(alt_sys_init.o)
 .bss           0x00000000000112cc        0x0 ../display_testing_bsp/\libhal_bsp.a(altera_avalon_jtag_uart_write.o)
 .bss           0x00000000000112cc        0x0 ../display_testing_bsp/\libhal_bsp.a(alt_dcache_flush_all.o)
 .bss           0x00000000000112cc        0x0 ../display_testing_bsp/\libhal_bsp.a(alt_dev.o)
 .bss           0x00000000000112cc        0x0 ../display_testing_bsp/\libhal_bsp.a(alt_dev_llist_insert.o)
 .bss           0x00000000000112cc        0x0 ../display_testing_bsp/\libhal_bsp.a(alt_errno.o)
 .bss           0x00000000000112cc        0x0 ../display_testing_bsp/\libhal_bsp.a(alt_icache_flush_all.o)
 .bss           0x00000000000112cc        0x0 ../display_testing_bsp/\libhal_bsp.a(altera_nios2_gen2_irq.o)
 .bss           0x00000000000112cc        0x0 c:/intelfpga_lite/18.0/nios2eds/bin/gnu/h-x86_64-mingw32/bin/../lib/gcc/nios2-elf/5.3.0/../../../../../H-x86_64-mingw32/nios2-elf/lib/mno-hw-mul\libsmallc.a(lib_a-int_errno.o)
 *(COMMON)
 COMMON         0x00000000000112cc      0x300 obj/default/fortest.o
                0x00000000000112cc                text
                0x00000000000114cc                enteredText
                0x00000000000115cc                . = ALIGN (0x4)
                0x00000000000115cc                __bss_end = ABSOLUTE (.)

.onchip_memory  0x00000000000115cc        0x0
                [!provide]                        PROVIDE (_alt_partition_onchip_memory_start, ABSOLUTE (.))
 *(.onchip_memory .onchip_memory. onchip_memory.*)
                0x00000000000115cc                . = ALIGN (0x4)
                [!provide]                        PROVIDE (_alt_partition_onchip_memory_end, ABSOLUTE (.))
                0x00000000000115cc                _end = ABSOLUTE (.)
                0x00000000000115cc                end = ABSOLUTE (.)
                0x00000000000115cc                __alt_stack_base = ABSOLUTE (.)
                [!provide]                        PROVIDE (_alt_partition_onchip_memory_load_addr, LOADADDR (.onchip_memory))

.stab
 *(.stab)

.stabstr
 *(.stabstr)

.stab.excl
 *(.stab.excl)

.stab.exclstr
 *(.stab.exclstr)

.stab.index
 *(.stab.index)

.stab.indexstr
 *(.stab.indexstr)

.comment        0x0000000000000000       0x23
 *(.comment)
 .comment       0x0000000000000000       0x23 obj/default/fortest.o
                                         0x24 (size before relaxing)
 .comment       0x0000000000000023       0x24 c:/intelfpga_lite/18.0/nios2eds/bin/gnu/h-x86_64-mingw32/bin/../lib/gcc/nios2-elf/5.3.0/mno-hw-mul\libgcc.a(lib2-divmod.o)
 .comment       0x0000000000000023       0x24 c:/intelfpga_lite/18.0/nios2eds/bin/gnu/h-x86_64-mingw32/bin/../lib/gcc/nios2-elf/5.3.0/../../../../../H-x86_64-mingw32/nios2-elf/lib/mno-hw-mul\libsmallc.a(lib_a-strcpy.o)
 .comment       0x0000000000000023       0x24 c:/intelfpga_lite/18.0/nios2eds/bin/gnu/h-x86_64-mingw32/bin/../lib/gcc/nios2-elf/5.3.0/../../../../../H-x86_64-mingw32/nios2-elf/lib/mno-hw-mul\libsmallc.a(lib_a-strlen.o)
 .comment       0x0000000000000023       0x24 ../display_testing_bsp/\libhal_bsp.a(alt_load.o)
 .comment       0x0000000000000023       0x24 ../display_testing_bsp/\libhal_bsp.a(alt_main.o)
 .comment       0x0000000000000023       0x24 ../display_testing_bsp/\libhal_bsp.a(alt_putstr.o)
 .comment       0x0000000000000023       0x24 ../display_testing_bsp/\libhal_bsp.a(alt_sys_init.o)
 .comment       0x0000000000000023       0x24 ../display_testing_bsp/\libhal_bsp.a(altera_avalon_jtag_uart_write.o)
 .comment       0x0000000000000023       0x24 ../display_testing_bsp/\libhal_bsp.a(alt_dcache_flush_all.o)
 .comment       0x0000000000000023       0x24 ../display_testing_bsp/\libhal_bsp.a(alt_dev.o)
 .comment       0x0000000000000023       0x24 ../display_testing_bsp/\libhal_bsp.a(alt_dev_llist_insert.o)
 .comment       0x0000000000000023       0x24 ../display_testing_bsp/\libhal_bsp.a(alt_errno.o)
 .comment       0x0000000000000023       0x24 ../display_testing_bsp/\libhal_bsp.a(alt_icache_flush_all.o)
 .comment       0x0000000000000023       0x24 ../display_testing_bsp/\libhal_bsp.a(altera_nios2_gen2_irq.o)
 .comment       0x0000000000000023       0x24 c:/intelfpga_lite/18.0/nios2eds/bin/gnu/h-x86_64-mingw32/bin/../lib/gcc/nios2-elf/5.3.0/../../../../../H-x86_64-mingw32/nios2-elf/lib/mno-hw-mul\libsmallc.a(lib_a-int_errno.o)

.debug
 *(.debug)

.line
 *(.line)

.debug_srcinfo
 *(.debug_srcinfo)

.debug_sfnames
 *(.debug_sfnames)

.debug_aranges  0x0000000000000000      0x220
 *(.debug_aranges)
 .debug_aranges
                0x0000000000000000       0x28 ../display_testing_bsp//obj/HAL/src/crt0.o
 .debug_aranges
                0x0000000000000028       0x28 obj/default/fortest.o
 .debug_aranges
                0x0000000000000050       0x20 c:/intelfpga_lite/18.0/nios2eds/bin/gnu/h-x86_64-mingw32/bin/../lib/gcc/nios2-elf/5.3.0/mno-hw-mul\libgcc.a(lib2-divmod.o)
 .debug_aranges
                0x0000000000000070       0x20 c:/intelfpga_lite/18.0/nios2eds/bin/gnu/h-x86_64-mingw32/bin/../lib/gcc/nios2-elf/5.3.0/../../../../../H-x86_64-mingw32/nios2-elf/lib/mno-hw-mul\libsmallc.a(lib_a-strcpy.o)
 .debug_aranges
                0x0000000000000090       0x20 c:/intelfpga_lite/18.0/nios2eds/bin/gnu/h-x86_64-mingw32/bin/../lib/gcc/nios2-elf/5.3.0/../../../../../H-x86_64-mingw32/nios2-elf/lib/mno-hw-mul\libsmallc.a(lib_a-strlen.o)
 .debug_aranges
                0x00000000000000b0       0x20 ../display_testing_bsp/\libhal_bsp.a(alt_load.o)
 .debug_aranges
                0x00000000000000d0       0x20 ../display_testing_bsp/\libhal_bsp.a(alt_main.o)
 .debug_aranges
                0x00000000000000f0       0x20 ../display_testing_bsp/\libhal_bsp.a(alt_putstr.o)
 .debug_aranges
                0x0000000000000110       0x20 ../display_testing_bsp/\libhal_bsp.a(alt_sys_init.o)
 .debug_aranges
                0x0000000000000130       0x20 ../display_testing_bsp/\libhal_bsp.a(altera_avalon_jtag_uart_write.o)
 .debug_aranges
                0x0000000000000150       0x20 ../display_testing_bsp/\libhal_bsp.a(alt_dcache_flush_all.o)
 .debug_aranges
                0x0000000000000170       0x20 ../display_testing_bsp/\libhal_bsp.a(alt_dev.o)
 .debug_aranges
                0x0000000000000190       0x20 ../display_testing_bsp/\libhal_bsp.a(alt_dev_llist_insert.o)
 .debug_aranges
                0x00000000000001b0       0x18 ../display_testing_bsp/\libhal_bsp.a(alt_errno.o)
 .debug_aranges
                0x00000000000001c8       0x20 ../display_testing_bsp/\libhal_bsp.a(alt_icache_flush_all.o)
 .debug_aranges
                0x00000000000001e8       0x20 ../display_testing_bsp/\libhal_bsp.a(altera_nios2_gen2_irq.o)
 .debug_aranges
                0x0000000000000208       0x18 c:/intelfpga_lite/18.0/nios2eds/bin/gnu/h-x86_64-mingw32/bin/../lib/gcc/nios2-elf/5.3.0/../../../../../H-x86_64-mingw32/nios2-elf/lib/mno-hw-mul\libsmallc.a(lib_a-int_errno.o)

.debug_pubnames
 *(.debug_pubnames)

.debug_info     0x0000000000000000     0x2562
 *(.debug_info .gnu.linkonce.wi.*)
 .debug_info    0x0000000000000000       0x75 ../display_testing_bsp//obj/HAL/src/crt0.o
 .debug_info    0x0000000000000075      0xc9b obj/default/fortest.o
 .debug_info    0x0000000000000d10      0x2c6 c:/intelfpga_lite/18.0/nios2eds/bin/gnu/h-x86_64-mingw32/bin/../lib/gcc/nios2-elf/5.3.0/mno-hw-mul\libgcc.a(lib2-divmod.o)
 .debug_info    0x0000000000000fd6       0xd3 c:/intelfpga_lite/18.0/nios2eds/bin/gnu/h-x86_64-mingw32/bin/../lib/gcc/nios2-elf/5.3.0/../../../../../H-x86_64-mingw32/nios2-elf/lib/mno-hw-mul\libsmallc.a(lib_a-strcpy.o)
 .debug_info    0x00000000000010a9       0xc9 c:/intelfpga_lite/18.0/nios2eds/bin/gnu/h-x86_64-mingw32/bin/../lib/gcc/nios2-elf/5.3.0/../../../../../H-x86_64-mingw32/nios2-elf/lib/mno-hw-mul\libsmallc.a(lib_a-strlen.o)
 .debug_info    0x0000000000001172      0x1c9 ../display_testing_bsp/\libhal_bsp.a(alt_load.o)
 .debug_info    0x000000000000133b      0x18f ../display_testing_bsp/\libhal_bsp.a(alt_main.o)
 .debug_info    0x00000000000014ca      0x13a ../display_testing_bsp/\libhal_bsp.a(alt_putstr.o)
 .debug_info    0x0000000000001604      0x459 ../display_testing_bsp/\libhal_bsp.a(alt_sys_init.o)
 .debug_info    0x0000000000001a5d      0x1ad ../display_testing_bsp/\libhal_bsp.a(altera_avalon_jtag_uart_write.o)
 .debug_info    0x0000000000001c0a       0x92 ../display_testing_bsp/\libhal_bsp.a(alt_dcache_flush_all.o)
 .debug_info    0x0000000000001c9c      0x499 ../display_testing_bsp/\libhal_bsp.a(alt_dev.o)
 .debug_info    0x0000000000002135      0x1b3 ../display_testing_bsp/\libhal_bsp.a(alt_dev_llist_insert.o)
 .debug_info    0x00000000000022e8       0xa6 ../display_testing_bsp/\libhal_bsp.a(alt_errno.o)
 .debug_info    0x000000000000238e       0x92 ../display_testing_bsp/\libhal_bsp.a(alt_icache_flush_all.o)
 .debug_info    0x0000000000002420       0xb8 ../display_testing_bsp/\libhal_bsp.a(altera_nios2_gen2_irq.o)
 .debug_info    0x00000000000024d8       0x8a c:/intelfpga_lite/18.0/nios2eds/bin/gnu/h-x86_64-mingw32/bin/../lib/gcc/nios2-elf/5.3.0/../../../../../H-x86_64-mingw32/nios2-elf/lib/mno-hw-mul\libsmallc.a(lib_a-int_errno.o)

.debug_abbrev   0x0000000000000000      0xda8
 *(.debug_abbrev)
 .debug_abbrev  0x0000000000000000       0x12 ../display_testing_bsp//obj/HAL/src/crt0.o
 .debug_abbrev  0x0000000000000012      0x30c obj/default/fortest.o
 .debug_abbrev  0x000000000000031e      0x10e c:/intelfpga_lite/18.0/nios2eds/bin/gnu/h-x86_64-mingw32/bin/../lib/gcc/nios2-elf/5.3.0/mno-hw-mul\libgcc.a(lib2-divmod.o)
 .debug_abbrev  0x000000000000042c       0x72 c:/intelfpga_lite/18.0/nios2eds/bin/gnu/h-x86_64-mingw32/bin/../lib/gcc/nios2-elf/5.3.0/../../../../../H-x86_64-mingw32/nios2-elf/lib/mno-hw-mul\libsmallc.a(lib_a-strcpy.o)
 .debug_abbrev  0x000000000000049e       0x7f c:/intelfpga_lite/18.0/nios2eds/bin/gnu/h-x86_64-mingw32/bin/../lib/gcc/nios2-elf/5.3.0/../../../../../H-x86_64-mingw32/nios2-elf/lib/mno-hw-mul\libsmallc.a(lib_a-strlen.o)
 .debug_abbrev  0x000000000000051d       0xd8 ../display_testing_bsp/\libhal_bsp.a(alt_load.o)
 .debug_abbrev  0x00000000000005f5       0xf5 ../display_testing_bsp/\libhal_bsp.a(alt_main.o)
 .debug_abbrev  0x00000000000006ea       0xd3 ../display_testing_bsp/\libhal_bsp.a(alt_putstr.o)
 .debug_abbrev  0x00000000000007bd      0x1a5 ../display_testing_bsp/\libhal_bsp.a(alt_sys_init.o)
 .debug_abbrev  0x0000000000000962       0xd5 ../display_testing_bsp/\libhal_bsp.a(altera_avalon_jtag_uart_write.o)
 .debug_abbrev  0x0000000000000a37       0x42 ../display_testing_bsp/\libhal_bsp.a(alt_dcache_flush_all.o)
 .debug_abbrev  0x0000000000000a79       0xd9 ../display_testing_bsp/\libhal_bsp.a(alt_dev.o)
 .debug_abbrev  0x0000000000000b52      0x11c ../display_testing_bsp/\libhal_bsp.a(alt_dev_llist_insert.o)
 .debug_abbrev  0x0000000000000c6e       0x5a ../display_testing_bsp/\libhal_bsp.a(alt_errno.o)
 .debug_abbrev  0x0000000000000cc8       0x42 ../display_testing_bsp/\libhal_bsp.a(alt_icache_flush_all.o)
 .debug_abbrev  0x0000000000000d0a       0x67 ../display_testing_bsp/\libhal_bsp.a(altera_nios2_gen2_irq.o)
 .debug_abbrev  0x0000000000000d71       0x37 c:/intelfpga_lite/18.0/nios2eds/bin/gnu/h-x86_64-mingw32/bin/../lib/gcc/nios2-elf/5.3.0/../../../../../H-x86_64-mingw32/nios2-elf/lib/mno-hw-mul\libsmallc.a(lib_a-int_errno.o)

.debug_line     0x0000000000000000      0xe6e
 *(.debug_line)
 .debug_line    0x0000000000000000       0x66 ../display_testing_bsp//obj/HAL/src/crt0.o
 .debug_line    0x0000000000000066      0x277 obj/default/fortest.o
 .debug_line    0x00000000000002dd      0x105 c:/intelfpga_lite/18.0/nios2eds/bin/gnu/h-x86_64-mingw32/bin/../lib/gcc/nios2-elf/5.3.0/mno-hw-mul\libgcc.a(lib2-divmod.o)
 .debug_line    0x00000000000003e2       0xe2 c:/intelfpga_lite/18.0/nios2eds/bin/gnu/h-x86_64-mingw32/bin/../lib/gcc/nios2-elf/5.3.0/../../../../../H-x86_64-mingw32/nios2-elf/lib/mno-hw-mul\libsmallc.a(lib_a-strcpy.o)
 .debug_line    0x00000000000004c4      0x15c c:/intelfpga_lite/18.0/nios2eds/bin/gnu/h-x86_64-mingw32/bin/../lib/gcc/nios2-elf/5.3.0/../../../../../H-x86_64-mingw32/nios2-elf/lib/mno-hw-mul\libsmallc.a(lib_a-strlen.o)
 .debug_line    0x0000000000000620       0xa4 ../display_testing_bsp/\libhal_bsp.a(alt_load.o)
 .debug_line    0x00000000000006c4       0xea ../display_testing_bsp/\libhal_bsp.a(alt_main.o)
 .debug_line    0x00000000000007ae       0xa0 ../display_testing_bsp/\libhal_bsp.a(alt_putstr.o)
 .debug_line    0x000000000000084e      0x176 ../display_testing_bsp/\libhal_bsp.a(alt_sys_init.o)
 .debug_line    0x00000000000009c4      0x104 ../display_testing_bsp/\libhal_bsp.a(altera_avalon_jtag_uart_write.o)
 .debug_line    0x0000000000000ac8       0x4e ../display_testing_bsp/\libhal_bsp.a(alt_dcache_flush_all.o)
 .debug_line    0x0000000000000b16       0xf6 ../display_testing_bsp/\libhal_bsp.a(alt_dev.o)
 .debug_line    0x0000000000000c0c       0xd8 ../display_testing_bsp/\libhal_bsp.a(alt_dev_llist_insert.o)
 .debug_line    0x0000000000000ce4       0x51 ../display_testing_bsp/\libhal_bsp.a(alt_errno.o)
 .debug_line    0x0000000000000d35       0x4e ../display_testing_bsp/\libhal_bsp.a(alt_icache_flush_all.o)
 .debug_line    0x0000000000000d83       0x8c ../display_testing_bsp/\libhal_bsp.a(altera_nios2_gen2_irq.o)
 .debug_line    0x0000000000000e0f       0x5f c:/intelfpga_lite/18.0/nios2eds/bin/gnu/h-x86_64-mingw32/bin/../lib/gcc/nios2-elf/5.3.0/../../../../../H-x86_64-mingw32/nios2-elf/lib/mno-hw-mul\libsmallc.a(lib_a-int_errno.o)

.debug_frame    0x0000000000000000      0x424
 *(.debug_frame)
 .debug_frame   0x0000000000000000      0x200 obj/default/fortest.o
 .debug_frame   0x0000000000000200       0x50 c:/intelfpga_lite/18.0/nios2eds/bin/gnu/h-x86_64-mingw32/bin/../lib/gcc/nios2-elf/5.3.0/mno-hw-mul\libgcc.a(lib2-divmod.o)
 .debug_frame   0x0000000000000250       0x20 c:/intelfpga_lite/18.0/nios2eds/bin/gnu/h-x86_64-mingw32/bin/../lib/gcc/nios2-elf/5.3.0/../../../../../H-x86_64-mingw32/nios2-elf/lib/mno-hw-mul\libsmallc.a(lib_a-strcpy.o)
 .debug_frame   0x0000000000000270       0x20 c:/intelfpga_lite/18.0/nios2eds/bin/gnu/h-x86_64-mingw32/bin/../lib/gcc/nios2-elf/5.3.0/../../../../../H-x86_64-mingw32/nios2-elf/lib/mno-hw-mul\libsmallc.a(lib_a-strlen.o)
 .debug_frame   0x0000000000000290       0x30 ../display_testing_bsp/\libhal_bsp.a(alt_load.o)
 .debug_frame   0x00000000000002c0       0x2c ../display_testing_bsp/\libhal_bsp.a(alt_main.o)
 .debug_frame   0x00000000000002ec       0x30 ../display_testing_bsp/\libhal_bsp.a(alt_putstr.o)
 .debug_frame   0x000000000000031c       0x3c ../display_testing_bsp/\libhal_bsp.a(alt_sys_init.o)
 .debug_frame   0x0000000000000358       0x20 ../display_testing_bsp/\libhal_bsp.a(altera_avalon_jtag_uart_write.o)
 .debug_frame   0x0000000000000378       0x20 ../display_testing_bsp/\libhal_bsp.a(alt_dcache_flush_all.o)
 .debug_frame   0x0000000000000398       0x20 ../display_testing_bsp/\libhal_bsp.a(alt_dev.o)
 .debug_frame   0x00000000000003b8       0x2c ../display_testing_bsp/\libhal_bsp.a(alt_dev_llist_insert.o)
 .debug_frame   0x00000000000003e4       0x20 ../display_testing_bsp/\libhal_bsp.a(alt_icache_flush_all.o)
 .debug_frame   0x0000000000000404       0x20 ../display_testing_bsp/\libhal_bsp.a(altera_nios2_gen2_irq.o)

.debug_str      0x0000000000000000      0xd08
 *(.debug_str)
 .debug_str     0x0000000000000000      0x338 obj/default/fortest.o
                                        0x388 (size before relaxing)
 .debug_str     0x0000000000000338      0x187 c:/intelfpga_lite/18.0/nios2eds/bin/gnu/h-x86_64-mingw32/bin/../lib/gcc/nios2-elf/5.3.0/mno-hw-mul\libgcc.a(lib2-divmod.o)
                                        0x1d2 (size before relaxing)
 .debug_str     0x00000000000004bf      0x13d c:/intelfpga_lite/18.0/nios2eds/bin/gnu/h-x86_64-mingw32/bin/../lib/gcc/nios2-elf/5.3.0/../../../../../H-x86_64-mingw32/nios2-elf/lib/mno-hw-mul\libsmallc.a(lib_a-strcpy.o)
                                        0x1e2 (size before relaxing)
 .debug_str     0x00000000000005fc       0x44 c:/intelfpga_lite/18.0/nios2eds/bin/gnu/h-x86_64-mingw32/bin/../lib/gcc/nios2-elf/5.3.0/../../../../../H-x86_64-mingw32/nios2-elf/lib/mno-hw-mul\libsmallc.a(lib_a-strlen.o)
                                        0x1e5 (size before relaxing)
 .debug_str     0x0000000000000640      0x15c ../display_testing_bsp/\libhal_bsp.a(alt_load.o)
                                        0x243 (size before relaxing)
 .debug_str     0x000000000000079c       0xb0 ../display_testing_bsp/\libhal_bsp.a(alt_main.o)
                                        0x1e5 (size before relaxing)
 .debug_str     0x000000000000084c       0x5d ../display_testing_bsp/\libhal_bsp.a(alt_putstr.o)
                                        0x197 (size before relaxing)
 .debug_str     0x00000000000008a9      0x16e ../display_testing_bsp/\libhal_bsp.a(alt_sys_init.o)
                                        0x351 (size before relaxing)
 .debug_str     0x0000000000000a17       0x32 ../display_testing_bsp/\libhal_bsp.a(altera_avalon_jtag_uart_write.o)
                                        0x23d (size before relaxing)
 .debug_str     0x0000000000000a49       0x1f ../display_testing_bsp/\libhal_bsp.a(alt_dcache_flush_all.o)
                                        0x15c (size before relaxing)
 .debug_str     0x0000000000000a68      0x12c ../display_testing_bsp/\libhal_bsp.a(alt_dev.o)
                                        0x30c (size before relaxing)
 .debug_str     0x0000000000000b94       0x4e ../display_testing_bsp/\libhal_bsp.a(alt_dev_llist_insert.o)
                                        0x1d3 (size before relaxing)
 .debug_str     0x0000000000000be2       0x14 ../display_testing_bsp/\libhal_bsp.a(alt_errno.o)
                                        0x14c (size before relaxing)
 .debug_str     0x0000000000000bf6       0x1f ../display_testing_bsp/\libhal_bsp.a(alt_icache_flush_all.o)
                                        0x15c (size before relaxing)
 .debug_str     0x0000000000000c15       0x20 ../display_testing_bsp/\libhal_bsp.a(altera_nios2_gen2_irq.o)
                                        0x18c (size before relaxing)
 .debug_str     0x0000000000000c35       0xd3 c:/intelfpga_lite/18.0/nios2eds/bin/gnu/h-x86_64-mingw32/bin/../lib/gcc/nios2-elf/5.3.0/../../../../../H-x86_64-mingw32/nios2-elf/lib/mno-hw-mul\libsmallc.a(lib_a-int_errno.o)
                                        0x1d8 (size before relaxing)

.debug_loc      0x0000000000000000     0x1273
 *(.debug_loc)
 .debug_loc     0x0000000000000000      0xba0 obj/default/fortest.o
 .debug_loc     0x0000000000000ba0      0x4ce c:/intelfpga_lite/18.0/nios2eds/bin/gnu/h-x86_64-mingw32/bin/../lib/gcc/nios2-elf/5.3.0/mno-hw-mul\libgcc.a(lib2-divmod.o)
 .debug_loc     0x000000000000106e       0x86 c:/intelfpga_lite/18.0/nios2eds/bin/gnu/h-x86_64-mingw32/bin/../lib/gcc/nios2-elf/5.3.0/../../../../../H-x86_64-mingw32/nios2-elf/lib/mno-hw-mul\libsmallc.a(lib_a-strcpy.o)
 .debug_loc     0x00000000000010f4       0x1e c:/intelfpga_lite/18.0/nios2eds/bin/gnu/h-x86_64-mingw32/bin/../lib/gcc/nios2-elf/5.3.0/../../../../../H-x86_64-mingw32/nios2-elf/lib/mno-hw-mul\libsmallc.a(lib_a-strlen.o)
 .debug_loc     0x0000000000001112       0x37 ../display_testing_bsp/\libhal_bsp.a(alt_putstr.o)
 .debug_loc     0x0000000000001149       0x21 ../display_testing_bsp/\libhal_bsp.a(alt_sys_init.o)
 .debug_loc     0x000000000000116a       0x8b ../display_testing_bsp/\libhal_bsp.a(altera_avalon_jtag_uart_write.o)
 .debug_loc     0x00000000000011f5       0x7e ../display_testing_bsp/\libhal_bsp.a(alt_dev_llist_insert.o)

.debug_macinfo
 *(.debug_macinfo)

.debug_weaknames
 *(.debug_weaknames)

.debug_funcnames
 *(.debug_funcnames)

.debug_typenames
 *(.debug_typenames)

.debug_varnames
 *(.debug_varnames)

.debug_alt_sim_info
                0x0000000000000000       0x10
 *(.debug_alt_sim_info)
 .debug_alt_sim_info
                0x0000000000000000       0x10 ../display_testing_bsp//obj/HAL/src/crt0.o
                0x0000000000020000                __alt_data_end = 0x20000
                0x0000000000020000                PROVIDE (__alt_stack_pointer, __alt_data_end)
                [!provide]                        PROVIDE (__alt_stack_limit, __alt_stack_base)
                [!provide]                        PROVIDE (__alt_heap_start, end)
                [!provide]                        PROVIDE (__alt_heap_limit, 0x20000)
OUTPUT(display_testing.elf elf32-littlenios2)

.debug_ranges   0x0000000000000000      0x188
 .debug_ranges  0x0000000000000000       0x20 ../display_testing_bsp//obj/HAL/src/crt0.o
 .debug_ranges  0x0000000000000020       0x68 obj/default/fortest.o
 .debug_ranges  0x0000000000000088       0x60 c:/intelfpga_lite/18.0/nios2eds/bin/gnu/h-x86_64-mingw32/bin/../lib/gcc/nios2-elf/5.3.0/mno-hw-mul\libgcc.a(lib2-divmod.o)
 .debug_ranges  0x00000000000000e8       0x10 c:/intelfpga_lite/18.0/nios2eds/bin/gnu/h-x86_64-mingw32/bin/../lib/gcc/nios2-elf/5.3.0/../../../../../H-x86_64-mingw32/nios2-elf/lib/mno-hw-mul\libsmallc.a(lib_a-strcpy.o)
 .debug_ranges  0x00000000000000f8       0x10 c:/intelfpga_lite/18.0/nios2eds/bin/gnu/h-x86_64-mingw32/bin/../lib/gcc/nios2-elf/5.3.0/../../../../../H-x86_64-mingw32/nios2-elf/lib/mno-hw-mul\libsmallc.a(lib_a-strlen.o)
 .debug_ranges  0x0000000000000108       0x48 ../display_testing_bsp/\libhal_bsp.a(alt_load.o)
 .debug_ranges  0x0000000000000150       0x18 ../display_testing_bsp/\libhal_bsp.a(alt_sys_init.o)
 .debug_ranges  0x0000000000000168       0x20 ../display_testing_bsp/\libhal_bsp.a(alt_dev_llist_insert.o)
